../Drv/api_swing.c:1903:13:_Api_SwingUrna_task	8	static
../Drv/api_swing.c:280:13:_Api_Swing_RenewTimeoutCamera	8	static
../Drv/api_swing.c:1212:13:_api_swing_task_mode_na	8	static
../Drv/api_swing.c:934:13:_api_swing_task_mode_pc	8	static,ignoring_inline_asm
../Drv/api_swing.c:244:6:setBurlaArmisHc	0	static
../Drv/api_swing.c:249:6:clrBurlaArmisHc	8	static
../Drv/api_swing.c:1483:13:_api_swing_task_mode_nf	16	static
../Drv/api_swing.c:255:6:getBurlaArmisHc	0	static
../Drv/api_swing.c:261:6:Api_Swing_Rx_CallBack	8	static
../Drv/api_swing.c:273:16:Protocolo_Flag_Get	0	static
../Drv/api_swing.c:675:13:_Api_Swing_task_Trata_Packet	16	static
../Drv/api_swing.c:1834:6:Api_Swing_Init	8	static
../Drv/api_swing.c:1870:6:Api_Swing_alarm_task	8	static
../Drv/api_swing.c:1897:6:Api_Swing_Task_Alarme	8	static
../Drv/api_swing.c:1975:9:Api_Swing_get_sensor	16	static
../Drv/api_swing.c:1856:6:Api_Swing_alarm	8	static
../Drv/api_swing.c:303:13:_api_swing_task_searchHome	8	static
../Drv/api_swing.c:540:13:_Api_Swing_task_Home	8	static
