../Drv/outputs.c:212:6:outputs_Buzz_Task	8	static
../Drv/outputs.c:287:6:outputs_Motor_Duty	8	static
../Drv/outputs.c:333:6:outputs_Motor_Task	16	static
../Drv/outputs.c:389:6:outputs_Motor_IT	8	static
../Drv/outputs.c:412:6:output_RGB_Set	8	static
../Drv/outputs.c:428:6:output_RGB_ctrl	12	static
../Drv/outputs.c:471:6:outputs_RGB_IT	16	static
../Drv/outputs.c:492:6:outputs_RGB_Color_Table	8	static
../Drv/outputs.c:510:6:outputs_Urn_IT	0	static
../Drv/outputs.c:589:6:outputs_motor_lock_duty	0	static
../Drv/outputs.c:595:6:outputs_Locks_IT	0	static
../Drv/outputs.c:681:6:Outputs_Buzz_Set	0	static
../Drv/outputs.c:709:6:Outputs_Motor_Set	12	static
../Drv/outputs.c:741:6:Outputs_Motor_Speed_Set	12	static
../Drv/outputs.c:761:6:Outputs_RGB_Set	24	static
../Drv/outputs.c:781:6:Outputs_Urn_Sol_Set	0	static
../Drv/outputs.c:786:6:Outputs_Urn_Pic_Set	0	static
../Drv/outputs.c:793:6:Outputs_DispLed_Set	0	static
../Drv/outputs.c:800:6:Outputs_Lock_Set	0	static
../Drv/outputs.c:829:6:Outputs_Com_Pass	0	static
../Drv/outputs.c:838:6:Outputs_Com_Cheat	0	static
../Drv/outputs.c:845:14:Outputs_Com_Pass_Get	0	static
../Drv/outputs.c:849:15:Outputs_Com_Cheat_Get	0	static
../Drv/outputs.c:855:6:Outputs_Task_IT	8	static
../Drv/outputs.c:864:6:Outputs_Task	8	static
../Drv/outputs.c:870:6:Outputs_Motor_ForTest	8	static
