../Drv/position.c:191:6:_Pos_TASK	8	static
../Drv/position.c:80:13:_pos_mt_task_init	8	static
../Drv/position.c:346:13:_pos_task_mode	8	static
../Drv/position.c:230:13:_pos_task_init	8	static
../Drv/position.c:447:13:_pos_task_mode_na	8	static
../Drv/position.c:414:13:_pos_task_mode_nf	8	static
../Drv/position.c:384:13:_pos_task_mode_pc	8	static
../Drv/position.c:101:13:_pos_mt_task_run	24	static
../Drv/position.c:481:6:Position_Init	8	static
../Drv/position.c:503:9:Position_Config_Motor	8	static
../Drv/position.c:518:11:Position_Config_Motor_Get	0	static
../Drv/position.c:523:12:Position_Config_Mode_Get	0	static
../Drv/position.c:528:9:Position_Config_Mode	16	static
../Drv/position.c:561:9:Position_Status	0	static
../Drv/position.c:567:9:Position_PC_Set	16	static
../Drv/position.c:588:9:Position_NA_Set	16	static
../Drv/position.c:616:9:Position_NA_Entrance_Set	8	static
../Drv/position.c:643:9:Position_NA_Exit_Set	8	static
../Drv/position.c:672:9:Position_NF_Set	0	static
