Archive member included to satisfy reference by file (symbol)

C:/ST/STM32CubeIDE_1.15.0/STM32CubeIDE/plugins/com.st.stm32cube.ide.mcu.externaltools.gnu-tools-for-stm32.12.3.rel1.win32_1.0.100.202403111256/tools/bin/../lib/gcc/arm-none-eabi/12.3.1/../../../../arm-none-eabi/lib/thumb/v6-m/nofp\libc_nano.a(libc_a-exit.o)
                              C:/ST/STM32CubeIDE_1.15.0/STM32CubeIDE/plugins/com.st.stm32cube.ide.mcu.externaltools.gnu-tools-for-stm32.12.3.rel1.win32_1.0.100.202403111256/tools/bin/../lib/gcc/arm-none-eabi/12.3.1/../../../../arm-none-eabi/lib/thumb/v6-m/nofp/crt0.o (exit)
C:/ST/STM32CubeIDE_1.15.0/STM32CubeIDE/plugins/com.st.stm32cube.ide.mcu.externaltools.gnu-tools-for-stm32.12.3.rel1.win32_1.0.100.202403111256/tools/bin/../lib/gcc/arm-none-eabi/12.3.1/../../../../arm-none-eabi/lib/thumb/v6-m/nofp\libc_nano.a(libc_a-findfp.o)
                              C:/ST/STM32CubeIDE_1.15.0/STM32CubeIDE/plugins/com.st.stm32cube.ide.mcu.externaltools.gnu-tools-for-stm32.12.3.rel1.win32_1.0.100.202403111256/tools/bin/../lib/gcc/arm-none-eabi/12.3.1/../../../../arm-none-eabi/lib/thumb/v6-m/nofp\libc_nano.a(libc_a-exit.o) (__stdio_exit_handler)
C:/ST/STM32CubeIDE_1.15.0/STM32CubeIDE/plugins/com.st.stm32cube.ide.mcu.externaltools.gnu-tools-for-stm32.12.3.rel1.win32_1.0.100.202403111256/tools/bin/../lib/gcc/arm-none-eabi/12.3.1/../../../../arm-none-eabi/lib/thumb/v6-m/nofp\libc_nano.a(libc_a-fwalk.o)
                              C:/ST/STM32CubeIDE_1.15.0/STM32CubeIDE/plugins/com.st.stm32cube.ide.mcu.externaltools.gnu-tools-for-stm32.12.3.rel1.win32_1.0.100.202403111256/tools/bin/../lib/gcc/arm-none-eabi/12.3.1/../../../../arm-none-eabi/lib/thumb/v6-m/nofp\libc_nano.a(libc_a-findfp.o) (_fwalk_sglue)
C:/ST/STM32CubeIDE_1.15.0/STM32CubeIDE/plugins/com.st.stm32cube.ide.mcu.externaltools.gnu-tools-for-stm32.12.3.rel1.win32_1.0.100.202403111256/tools/bin/../lib/gcc/arm-none-eabi/12.3.1/../../../../arm-none-eabi/lib/thumb/v6-m/nofp\libc_nano.a(libc_a-stdio.o)
                              C:/ST/STM32CubeIDE_1.15.0/STM32CubeIDE/plugins/com.st.stm32cube.ide.mcu.externaltools.gnu-tools-for-stm32.12.3.rel1.win32_1.0.100.202403111256/tools/bin/../lib/gcc/arm-none-eabi/12.3.1/../../../../arm-none-eabi/lib/thumb/v6-m/nofp\libc_nano.a(libc_a-findfp.o) (__sread)
C:/ST/STM32CubeIDE_1.15.0/STM32CubeIDE/plugins/com.st.stm32cube.ide.mcu.externaltools.gnu-tools-for-stm32.12.3.rel1.win32_1.0.100.202403111256/tools/bin/../lib/gcc/arm-none-eabi/12.3.1/../../../../arm-none-eabi/lib/thumb/v6-m/nofp\libc_nano.a(libc_a-memset.o)
                              C:/ST/STM32CubeIDE_1.15.0/STM32CubeIDE/plugins/com.st.stm32cube.ide.mcu.externaltools.gnu-tools-for-stm32.12.3.rel1.win32_1.0.100.202403111256/tools/bin/../lib/gcc/arm-none-eabi/12.3.1/../../../../arm-none-eabi/lib/thumb/v6-m/nofp/crt0.o (memset)
C:/ST/STM32CubeIDE_1.15.0/STM32CubeIDE/plugins/com.st.stm32cube.ide.mcu.externaltools.gnu-tools-for-stm32.12.3.rel1.win32_1.0.100.202403111256/tools/bin/../lib/gcc/arm-none-eabi/12.3.1/../../../../arm-none-eabi/lib/thumb/v6-m/nofp\libc_nano.a(libc_a-closer.o)
                              C:/ST/STM32CubeIDE_1.15.0/STM32CubeIDE/plugins/com.st.stm32cube.ide.mcu.externaltools.gnu-tools-for-stm32.12.3.rel1.win32_1.0.100.202403111256/tools/bin/../lib/gcc/arm-none-eabi/12.3.1/../../../../arm-none-eabi/lib/thumb/v6-m/nofp\libc_nano.a(libc_a-stdio.o) (_close_r)
C:/ST/STM32CubeIDE_1.15.0/STM32CubeIDE/plugins/com.st.stm32cube.ide.mcu.externaltools.gnu-tools-for-stm32.12.3.rel1.win32_1.0.100.202403111256/tools/bin/../lib/gcc/arm-none-eabi/12.3.1/../../../../arm-none-eabi/lib/thumb/v6-m/nofp\libc_nano.a(libc_a-reent.o)
                              C:/ST/STM32CubeIDE_1.15.0/STM32CubeIDE/plugins/com.st.stm32cube.ide.mcu.externaltools.gnu-tools-for-stm32.12.3.rel1.win32_1.0.100.202403111256/tools/bin/../lib/gcc/arm-none-eabi/12.3.1/../../../../arm-none-eabi/lib/thumb/v6-m/nofp\libc_nano.a(libc_a-closer.o) (errno)
C:/ST/STM32CubeIDE_1.15.0/STM32CubeIDE/plugins/com.st.stm32cube.ide.mcu.externaltools.gnu-tools-for-stm32.12.3.rel1.win32_1.0.100.202403111256/tools/bin/../lib/gcc/arm-none-eabi/12.3.1/../../../../arm-none-eabi/lib/thumb/v6-m/nofp\libc_nano.a(libc_a-impure.o)
                              C:/ST/STM32CubeIDE_1.15.0/STM32CubeIDE/plugins/com.st.stm32cube.ide.mcu.externaltools.gnu-tools-for-stm32.12.3.rel1.win32_1.0.100.202403111256/tools/bin/../lib/gcc/arm-none-eabi/12.3.1/../../../../arm-none-eabi/lib/thumb/v6-m/nofp\libc_nano.a(libc_a-reent.o) (_impure_ptr)
C:/ST/STM32CubeIDE_1.15.0/STM32CubeIDE/plugins/com.st.stm32cube.ide.mcu.externaltools.gnu-tools-for-stm32.12.3.rel1.win32_1.0.100.202403111256/tools/bin/../lib/gcc/arm-none-eabi/12.3.1/../../../../arm-none-eabi/lib/thumb/v6-m/nofp\libc_nano.a(libc_a-lseekr.o)
[...]
Memory Configuration

Name             Origin             Length             Attributes
RAM              0x20000000         0x00002000         xrw
FLASH            0x08000000         0x00010000         xr
*default*        0x00000000         0xffffffff

Linker script and memory map

LOAD C:/ST/STM32CubeIDE_1.15.0/STM32CubeIDE/plugins/com.st.stm32cube.ide.mcu.externaltools.gnu-tools-for-stm32.12.3.rel1.win32_1.0.100.202403111256/tools/bin/../lib/gcc/arm-none-eabi/12.3.1/thumb/v6-m/nofp/crti.o
LOAD C:/ST/STM32CubeIDE_1.15.0/STM32CubeIDE/plugins/com.st.stm32cube.ide.mcu.externaltools.gnu-tools-for-stm32.12.3.rel1.win32_1.0.100.202403111256/tools/bin/../lib/gcc/arm-none-eabi/12.3.1/thumb/v6-m/nofp/crtbegin.o
LOAD C:/ST/STM32CubeIDE_1.15.0/STM32CubeIDE/plugins/com.st.stm32cube.ide.mcu.externaltools.gnu-tools-for-stm32.12.3.rel1.win32_1.0.100.202403111256/tools/bin/../lib/gcc/arm-none-eabi/12.3.1/../../../../arm-none-eabi/lib/thumb/v6-m/nofp/crt0.o
LOAD ./Drivers/STM32F0xx_HAL_Driver/Src/stm32f0xx_hal.o
LOAD ./Drivers/STM32F0xx_HAL_Driver/Src/stm32f0xx_hal_cortex.o
LOAD ./Drivers/STM32F0xx_HAL_Driver/Src/stm32f0xx_hal_dma.o
LOAD ./Drivers/STM32F0xx_HAL_Driver/Src/stm32f0xx_hal_exti.o
LOAD ./Drivers/STM32F0xx_HAL_Driver/Src/stm32f0xx_hal_flash.o
LOAD ./Drivers/STM32F0xx_HAL_Driver/Src/stm32f0xx_hal_flash_ex.o
LOAD ./Drivers/STM32F0xx_HAL_Driver/Src/stm32f0xx_hal_gpio.o
LOAD ./Drivers/STM32F0xx_HAL_Driver/Src/stm32f0xx_hal_i2c.o
LOAD ./Drivers/STM32F0xx_HAL_Driver/Src/stm32f0xx_hal_i2c_ex.o
LOAD ./Drivers/STM32F0xx_HAL_Driver/Src/stm32f0xx_hal_pwr.o
LOAD ./Drivers/STM32F0xx_HAL_Driver/Src/stm32f0xx_hal_pwr_ex.o
LOAD ./Drivers/STM32F0xx_HAL_Driver/Src/stm32f0xx_hal_rcc.o
LOAD ./Drivers/STM32F0xx_HAL_Driver/Src/stm32f0xx_hal_rcc_ex.o
LOAD ./Drivers/STM32F0xx_HAL_Driver/Src/stm32f0xx_hal_tim.o
LOAD ./Drivers/STM32F0xx_HAL_Driver/Src/stm32f0xx_hal_tim_ex.o
LOAD ./Drivers/STM32F0xx_HAL_Driver/Src/stm32f0xx_hal_uart.o
LOAD ./Drivers/STM32F0xx_HAL_Driver/Src/stm32f0xx_hal_uart_ex.o
LOAD ./Drivers/STM32F0xx_HAL_Driver/Src/stm32f0xx_hal_wwdg.o
LOAD ./Drv/api_swing.o
LOAD ./Drv/encoder.o
LOAD ./Drv/inputs.o
LOAD ./Drv/outputs.o
LOAD ./Drv/position.o
LOAD ./Drv/protocolo_swing.o
LOAD ./Drv/sensor.o
LOAD ./Drv/stepmotor.o
LOAD ./Drv/task_manager.o
LOAD ./Src/dma.o
LOAD ./Src/gpio.o
LOAD ./Src/main.o
LOAD ./Src/stm32f0xx_hal_msp.o
LOAD ./Src/stm32f0xx_it.o
LOAD ./Src/syscalls.o
LOAD ./Src/sysmem.o
LOAD ./Src/system_stm32f0xx.o
LOAD ./Src/tim.o
LOAD ./Src/timing.o
LOAD ./Src/usart.o
LOAD ./Src/version.o
LOAD ./Src/wwdg.o
LOAD ./Startup/startup_stm32f030r8tx.o
START GROUP
LOAD C:/ST/STM32CubeIDE_1.15.0/STM32CubeIDE/plugins/com.st.stm32cube.ide.mcu.externaltools.gnu-tools-for-stm32.12.3.rel1.win32_1.0.100.202403111256/tools/bin/../lib/gcc/arm-none-eabi/12.3.1/../../../../arm-none-eabi/lib/thumb/v6-m/nofp\libc_nano.a
LOAD C:/ST/STM32CubeIDE_1.15.0/STM32CubeIDE/plugins/com.st.stm32cube.ide.mcu.externaltools.gnu-tools-for-stm32.12.3.rel1.win32_1.0.100.202403111256/tools/bin/../lib/gcc/arm-none-eabi/12.3.1/../../../../arm-none-eabi/lib/thumb/v6-m/nofp\libm.a
END GROUP
START GROUP
LOAD C:/ST/STM32CubeIDE_1.15.0/STM32CubeIDE/plugins/com.st.stm32cube.ide.mcu.externaltools.gnu-tools-for-stm32.12.3.rel1.win32_1.0.100.202403111256/tools/bin/../lib/gcc/arm-none-eabi/12.3.1/thumb/v6-m/nofp\libgcc.a
LOAD C:/ST/STM32CubeIDE_1.15.0/STM32CubeIDE/plugins/com.st.stm32cube.ide.mcu.externaltools.gnu-tools-for-stm32.12.3.rel1.win32_1.0.100.202403111256/tools/bin/../lib/gcc/arm-none-eabi/12.3.1/../../../../arm-none-eabi/lib/thumb/v6-m/nofp\libc_nano.a
END GROUP
START GROUP
LOAD C:/ST/STM32CubeIDE_1.15.0/STM32CubeIDE/plugins/com.st.stm32cube.ide.mcu.externaltools.gnu-tools-for-stm32.12.3.rel1.win32_1.0.100.202403111256/tools/bin/../lib/gcc/arm-none-eabi/12.3.1/thumb/v6-m/nofp\libgcc.a
LOAD C:/ST/STM32CubeIDE_1.15.0/STM32CubeIDE/plugins/com.st.stm32cube.ide.mcu.externaltools.gnu-tools-for-stm32.12.3.rel1.win32_1.0.100.202403111256/tools/bin/../lib/gcc/arm-none-eabi/12.3.1/../../../../arm-none-eabi/lib/thumb/v6-m/nofp\libc_nano.a
LOAD C:/ST/STM32CubeIDE_1.15.0/STM32CubeIDE/plugins/com.st.stm32cube.ide.mcu.externaltools.gnu-tools-for-stm32.12.3.rel1.win32_1.0.100.202403111256/tools/bin/../lib/gcc/arm-none-eabi/12.3.1/../../../../arm-none-eabi/lib/thumb/v6-m/nofp\libnosys.a
END GROUP
START GROUP
LOAD C:/ST/STM32CubeIDE_1.15.0/STM32CubeIDE/plugins/com.st.stm32cube.ide.mcu.externaltools.gnu-tools-for-stm32.12.3.rel1.win32_1.0.100.202403111256/tools/bin/../lib/gcc/arm-none-eabi/12.3.1/thumb/v6-m/nofp\libgcc.a
LOAD C:/ST/STM32CubeIDE_1.15.0/STM32CubeIDE/plugins/com.st.stm32cube.ide.mcu.externaltools.gnu-tools-for-stm32.12.3.rel1.win32_1.0.100.202403111256/tools/bin/../lib/gcc/arm-none-eabi/12.3.1/../../../../arm-none-eabi/lib/thumb/v6-m/nofp\libc_nano.a
LOAD C:/ST/STM32CubeIDE_1.15.0/STM32CubeIDE/plugins/com.st.stm32cube.ide.mcu.externaltools.gnu-tools-for-stm32.12.3.rel1.win32_1.0.100.202403111256/tools/bin/../lib/gcc/arm-none-eabi/12.3.1/../../../../arm-none-eabi/lib/thumb/v6-m/nofp\libnosys.a
END GROUP
LOAD C:/ST/STM32CubeIDE_1.15.0/STM32CubeIDE/plugins/com.st.stm32cube.ide.mcu.externaltools.gnu-tools-for-stm32.12.3.rel1.win32_1.0.100.202403111256/tools/bin/../lib/gcc/arm-none-eabi/12.3.1/thumb/v6-m/nofp/crtend.o
LOAD C:/ST/STM32CubeIDE_1.15.0/STM32CubeIDE/plugins/com.st.stm32cube.ide.mcu.externaltools.gnu-tools-for-stm32.12.3.rel1.win32_1.0.100.202403111256/tools/bin/../lib/gcc/arm-none-eabi/12.3.1/thumb/v6-m/nofp/crtn.o
                0x20002000                        _estack = (ORIGIN (RAM) + LENGTH (RAM))
                0x00000200                        _Min_Heap_Size = 0x200
                0x00000400                        _Min_Stack_Size = 0x400

.isr_vector     0x08000000       0xc0
                0x08000000                        . = ALIGN (0x4)
 *(.isr_vector)
 .isr_vector    0x08000000       0xc0 ./Startup/startup_stm32f030r8tx.o
                0x08000000                g_pfnVectors
                0x080000c0                        . = ALIGN (0x4)

.text           0x080000c0     0xa664
                0x080000c0                        . = ALIGN (0x4)
 *(.text)
 .text          0x080000c0       0x48 C:/ST/STM32CubeIDE_1.15.0/STM32CubeIDE/plugins/com.st.stm32cube.ide.mcu.externaltools.gnu-tools-for-stm32.12.3.rel1.win32_1.0.100.202403111256/tools/bin/../lib/gcc/arm-none-eabi/12.3.1/thumb/v6-m/nofp/crtbegin.o
 .text          0x08000108      0x114 C:/ST/STM32CubeIDE_1.15.0/STM32CubeIDE/plugins/com.st.stm32cube.ide.mcu.externaltools.gnu-tools-for-stm32.12.3.rel1.win32_1.0.100.202403111256/tools/bin/../lib/gcc/arm-none-eabi/12.3.1/thumb/v6-m/nofp\libgcc.a(_udivsi3.o)
                0x08000108                __aeabi_uidiv
                0x08000108                __udivsi3
                0x08000214                __aeabi_uidivmod
 .text          0x0800021c      0x1d4 C:/ST/STM32CubeIDE_1.15.0/STM32CubeIDE/plugins/com.st.stm32cube.ide.mcu.externaltools.gnu-tools-for-stm32.12.3.rel1.win32_1.0.100.202403111256/tools/bin/../lib/gcc/arm-none-eabi/12.3.1/thumb/v6-m/nofp\libgcc.a(_divsi3.o)
                0x0800021c                __divsi3
                0x0800021c                __aeabi_idiv
                0x080003e8                __aeabi_idivmod
 .text          0x080003f0        0x4 C:/ST/STM32CubeIDE_1.15.0/STM32CubeIDE/plugins/com.st.stm32cube.ide.mcu.externaltools.gnu-tools-for-stm32.12.3.rel1.win32_1.0.100.202403111256/tools/bin/../lib/gcc/arm-none-eabi/12.3.1/thumb/v6-m/nofp\libgcc.a(_dvmd_tls.o)
                0x080003f0                __aeabi_idiv0
                0x080003f0                __aeabi_ldiv0
 .text          0x080003f4       0x74 C:/ST/STM32CubeIDE_1.15.0/STM32CubeIDE/plugins/com.st.stm32cube.ide.mcu.externaltools.gnu-tools-for-stm32.12.3.rel1.win32_1.0.100.202403111256/tools/bin/../lib/gcc/arm-none-eabi/12.3.1/thumb/v6-m/nofp\libgcc.a(_arm_cmpsf2.o)
                0x080003f4                __aeabi_cfrcmple
                0x080003fc                __aeabi_cfcmpeq
                0x080003fc                __aeabi_cfcmple
                0x0800040c                __aeabi_fcmpeq
                0x08000418                __aeabi_fcmplt
                0x0800042c                __aeabi_fcmple
                0x08000440                __aeabi_fcmpgt
                0x08000454                __aeabi_fcmpge
 .text          0x08000468       0x30 C:/ST/STM32CubeIDE_1.15.0/STM32CubeIDE/plugins/com.st.stm32cube.ide.mcu.externaltools.gnu-tools-for-stm32.12.3.rel1.win32_1.0.100.202403111256/tools/bin/../lib/gcc/arm-none-eabi/12.3.1/thumb/v6-m/nofp\libgcc.a(_fixunssfsi.o)
                0x08000468                __fixunssfsi
                0x08000468                __aeabi_f2uiz
 .text          0x08000498       0x3c C:/ST/STM32CubeIDE_1.15.0/STM32CubeIDE/plugins/com.st.stm32cube.ide.mcu.externaltools.gnu-tools-for-stm32.12.3.rel1.win32_1.0.100.202403111256/tools/bin/../lib/gcc/arm-none-eabi/12.3.1/thumb/v6-m/nofp\libgcc.a(_fixunsdfsi.o)
                0x08000498                __aeabi_d2uiz
                0x08000498                __fixunsdfsi
 .text          0x080004d4      0x314 C:/ST/STM32CubeIDE_1.15.0/STM32CubeIDE/plugins/com.st.stm32cube.ide.mcu.externaltools.gnu-tools-for-stm32.12.3.rel1.win32_1.0.100.202403111256/tools/bin/../lib/gcc/arm-none-eabi/12.3.1/thumb/v6-m/nofp\libgcc.a(addsf3.o)
                0x080004d4                __aeabi_fadd
 .text          0x080007e8      0x240 C:/ST/STM32CubeIDE_1.15.0/STM32CubeIDE/plugins/com.st.stm32cube.ide.mcu.externaltools.gnu-tools-for-stm32.12.3.rel1.win32_1.0.100.202403111256/tools/bin/../lib/gcc/arm-none-eabi/12.3.1/thumb/v6-m/nofp\libgcc.a(divsf3.o)
                0x080007e8                __aeabi_fdiv
 .text          0x08000a28       0x50 C:/ST/STM32CubeIDE_1.15.0/STM32CubeIDE/plugins/com.st.stm32cube.ide.mcu.externaltools.gnu-tools-for-stm32.12.3.rel1.win32_1.0.100.202403111256/tools/bin/../lib/gcc/arm-none-eabi/12.3.1/thumb/v6-m/nofp\libgcc.a(eqsf2.o)
                0x08000a28                __eqsf2
                0x08000a28                __nesf2
 .text          0x08000a78       0xa0 C:/ST/STM32CubeIDE_1.15.0/STM32CubeIDE/plugins/com.st.stm32cube.ide.mcu.externaltools.gnu-tools-for-stm32.12.3.rel1.win32_1.0.100.202403111256/tools/bin/../lib/gcc/arm-none-eabi/12.3.1/thumb/v6-m/nofp\libgcc.a(gesf2.o)
                0x08000a78                __gesf2
                0x08000a78                __gtsf2
 .text          0x08000b18       0x9c C:/ST/STM32CubeIDE_1.15.0/STM32CubeIDE/plugins/com.st.stm32cube.ide.mcu.externaltools.gnu-tools-for-stm32.12.3.rel1.win32_1.0.100.202403111256/tools/bin/../lib/gcc/arm-none-eabi/12.3.1/thumb/v6-m/nofp\libgcc.a(lesf2.o)
                0x08000b18                __ltsf2
                0x08000b18                __lesf2
 .text          0x08000bb4      0x27c C:/ST/STM32CubeIDE_1.15.0/STM32CubeIDE/plugins/com.st.stm32cube.ide.mcu.externaltools.gnu-tools-for-stm32.12.3.rel1.win32_1.0.100.202403111256/tools/bin/../lib/gcc/arm-none-eabi/12.3.1/thumb/v6-m/nofp\libgcc.a(mulsf3.o)
                0x08000bb4                __aeabi_fmul
 .text          0x08000e30      0x348 C:/ST/STM32CubeIDE_1.15.0/STM32CubeIDE/plugins/com.st.stm32cube.ide.mcu.externaltools.gnu-tools-for-stm32.12.3.rel1.win32_1.0.100.202403111256/tools/bin/../lib/gcc/arm-none-eabi/12.3.1/thumb/v6-m/nofp\libgcc.a(subsf3.o)
                0x08000e30                __aeabi_fsub
 .text          0x08001178       0x40 C:/ST/STM32CubeIDE_1.15.0/STM32CubeIDE/plugins/com.st.stm32cube.ide.mcu.externaltools.gnu-tools-for-stm32.12.3.rel1.win32_1.0.100.202403111256/tools/bin/../lib/gcc/arm-none-eabi/12.3.1/thumb/v6-m/nofp\libgcc.a(fixsfsi.o)
                0x08001178                __aeabi_f2iz
 .text          0x080011b8       0x98 C:/ST/STM32CubeIDE_1.15.0/STM32CubeIDE/plugins/com.st.stm32cube.ide.mcu.externaltools.gnu-tools-for-stm32.12.3.rel1.win32_1.0.100.202403111256/tools/bin/../lib/gcc/arm-none-eabi/12.3.1/thumb/v6-m/nofp\libgcc.a(floatsisf.o)
                0x080011b8                __aeabi_i2f
 .text          0x08001250      0x590 C:/ST/STM32CubeIDE_1.15.0/STM32CubeIDE/plugins/com.st.stm32cube.ide.mcu.externaltools.gnu-tools-for-stm32.12.3.rel1.win32_1.0.100.202403111256/tools/bin/../lib/gcc/arm-none-eabi/12.3.1/thumb/v6-m/nofp\libgcc.a(muldf3.o)
                0x08001250                __aeabi_dmul
 .text          0x080017e0      0x738 C:/ST/STM32CubeIDE_1.15.0/STM32CubeIDE/plugins/com.st.stm32cube.ide.mcu.externaltools.gnu-tools-for-stm32.12.3.rel1.win32_1.0.100.202403111256/tools/bin/../lib/gcc/arm-none-eabi/12.3.1/thumb/v6-m/nofp\libgcc.a(subdf3.o)
                0x080017e0                __aeabi_dsub
 .text          0x08001f18       0x78 C:/ST/STM32CubeIDE_1.15.0/STM32CubeIDE/plugins/com.st.stm32cube.ide.mcu.externaltools.gnu-tools-for-stm32.12.3.rel1.win32_1.0.100.202403111256/tools/bin/../lib/gcc/arm-none-eabi/12.3.1/thumb/v6-m/nofp\libgcc.a(fixdfsi.o)
                0x08001f18                __aeabi_d2iz
 .text          0x08001f90       0x90 C:/ST/STM32CubeIDE_1.15.0/STM32CubeIDE/plugins/com.st.stm32cube.ide.mcu.externaltools.gnu-tools-for-stm32.12.3.rel1.win32_1.0.100.202403111256/tools/bin/../lib/gcc/arm-none-eabi/12.3.1/thumb/v6-m/nofp\libgcc.a(extendsfdf2.o)
                0x08001f90                __aeabi_f2d
 .text          0x08002020       0x7c C:/ST/STM32CubeIDE_1.15.0/STM32CubeIDE/plugins/com.st.stm32cube.ide.mcu.externaltools.gnu-tools-for-stm32.12.3.rel1.win32_1.0.100.202403111256/tools/bin/../lib/gcc/arm-none-eabi/12.3.1/thumb/v6-m/nofp\libgcc.a(_arm_cmpdf2.o)
                0x08002020                __aeabi_cdrcmple
                0x08002030                __aeabi_cdcmple
                0x08002030                __aeabi_cdcmpeq
                0x08002040                __aeabi_dcmpeq
                0x0800204c                __aeabi_dcmplt
                0x08002060                __aeabi_dcmple
                0x08002074                __aeabi_dcmpgt
                0x08002088                __aeabi_dcmpge
 .text          0x0800209c       0x3c C:/ST/STM32CubeIDE_1.15.0/STM32CubeIDE/plugins/com.st.stm32cube.ide.mcu.externaltools.gnu-tools-for-stm32.12.3.rel1.win32_1.0.100.202403111256/tools/bin/../lib/gcc/arm-none-eabi/12.3.1/thumb/v6-m/nofp\libgcc.a(_clzsi2.o)
                0x0800209c                __clzsi2
 .text          0x080020d8       0x88 C:/ST/STM32CubeIDE_1.15.0/STM32CubeIDE/plugins/com.st.stm32cube.ide.mcu.externaltools.gnu-tools-for-stm32.12.3.rel1.win32_1.0.100.202403111256/tools/bin/../lib/gcc/arm-none-eabi/12.3.1/thumb/v6-m/nofp\libgcc.a(eqdf2.o)
                0x080020d8                __nedf2
                0x080020d8                __eqdf2
 .text          0x08002160       0xe8 C:/ST/STM32CubeIDE_1.15.0/STM32CubeIDE/plugins/com.st.stm32cube.ide.mcu.externaltools.gnu-tools-for-stm32.12.3.rel1.win32_1.0.100.202403111256/tools/bin/../lib/gcc/arm-none-eabi/12.3.1/thumb/v6-m/nofp\libgcc.a(gedf2.o)
                0x08002160                __gedf2
                0x08002160                __gtdf2
 .text          0x08002248       0xe4 C:/ST/STM32CubeIDE_1.15.0/STM32CubeIDE/plugins/com.st.stm32cube.ide.mcu.externaltools.gnu-tools-for-stm32.12.3.rel1.win32_1.0.100.202403111256/tools/bin/../lib/gcc/arm-none-eabi/12.3.1/thumb/v6-m/nofp\libgcc.a(ledf2.o)
                0x08002248                __ledf2
                0x08002248                __ltdf2
 *(.text*)
 .text.HAL_InitTick
                0x0800232c       0x50 ./Drivers/STM32F0xx_HAL_Driver/Src/stm32f0xx_hal.o
                0x0800232c                HAL_InitTick
 .text.HAL_Init
                0x0800237c       0x20 ./Drivers/STM32F0xx_HAL_Driver/Src/stm32f0xx_hal.o
                0x0800237c                HAL_Init
 .text.HAL_IncTick
                0x0800239c       0x18 ./Drivers/STM32F0xx_HAL_Driver/Src/stm32f0xx_hal.o
                0x0800239c                HAL_IncTick
 .text.HAL_GetTick
                0x080023b4        0xc ./Drivers/STM32F0xx_HAL_Driver/Src/stm32f0xx_hal.o
                0x080023b4                HAL_GetTick
 .text.__NVIC_SetPriority
                0x080023c0       0x60 ./Drivers/STM32F0xx_HAL_Driver/Src/stm32f0xx_hal_cortex.o
 .text.__NVIC_SystemReset
                0x08002420       0x1c ./Drivers/STM32F0xx_HAL_Driver/Src/stm32f0xx_hal_cortex.o
 .text.SysTick_Config
                0x0800243c       0x38 ./Drivers/STM32F0xx_HAL_Driver/Src/stm32f0xx_hal_cortex.o
 .text.HAL_NVIC_SetPriority
                0x08002474        0x8 ./Drivers/STM32F0xx_HAL_Driver/Src/stm32f0xx_hal_cortex.o
                0x08002474                HAL_NVIC_SetPriority
 .text.HAL_NVIC_EnableIRQ
                0x0800247c       0x18 ./Drivers/STM32F0xx_HAL_Driver/Src/stm32f0xx_hal_cortex.o
                0x0800247c                HAL_NVIC_EnableIRQ
 .text.HAL_NVIC_DisableIRQ
                0x08002494       0x20 ./Drivers/STM32F0xx_HAL_Driver/Src/stm32f0xx_hal_cortex.o
                0x08002494                HAL_NVIC_DisableIRQ
 .text.HAL_NVIC_SystemReset
                0x080024b4        0x6 ./Drivers/STM32F0xx_HAL_Driver/Src/stm32f0xx_hal_cortex.o
                0x080024b4                HAL_NVIC_SystemReset
 .text.HAL_SYSTICK_Config
                0x080024ba        0x8 ./Drivers/STM32F0xx_HAL_Driver/Src/stm32f0xx_hal_cortex.o
                0x080024ba                HAL_SYSTICK_Config
 .text.DMA_SetConfig
                0x080024c2       0x2a ./Drivers/STM32F0xx_HAL_Driver/Src/stm32f0xx_hal_dma.o
 .text.DMA_CalcBaseAndBitshift
                0x080024ec       0x24 ./Drivers/STM32F0xx_HAL_Driver/Src/stm32f0xx_hal_dma.o
 .text.HAL_DMA_Init
                0x08002510       0x50 ./Drivers/STM32F0xx_HAL_Driver/Src/stm32f0xx_hal_dma.o
                0x08002510                HAL_DMA_Init
 .text.HAL_DMA_Start_IT
                0x08002560       0x76 ./Drivers/STM32F0xx_HAL_Driver/Src/stm32f0xx_hal_dma.o
                0x08002560                HAL_DMA_Start_IT
 .text.HAL_DMA_Abort
                0x080025d6       0x44 ./Drivers/STM32F0xx_HAL_Driver/Src/stm32f0xx_hal_dma.o
                0x080025d6                HAL_DMA_Abort
 .text.HAL_DMA_Abort_IT
                0x0800261a       0x4a ./Drivers/STM32F0xx_HAL_Driver/Src/stm32f0xx_hal_dma.o
                0x0800261a                HAL_DMA_Abort_IT
 .text.HAL_DMA_IRQHandler
                0x08002664       0xaa ./Drivers/STM32F0xx_HAL_Driver/Src/stm32f0xx_hal_dma.o
                0x08002664                HAL_DMA_IRQHandler
 *fill*         0x0800270e        0x2 
 .text.HAL_GPIO_Init
                0x08002710      0x188 ./Drivers/STM32F0xx_HAL_Driver/Src/stm32f0xx_hal_gpio.o
                0x08002710                HAL_GPIO_Init
 .text.HAL_GPIO_DeInit
                0x08002898       0xf4 ./Drivers/STM32F0xx_HAL_Driver/Src/stm32f0xx_hal_gpio.o
                0x08002898                HAL_GPIO_DeInit
 .text.HAL_GPIO_ReadPin
                0x0800298c        0xe ./Drivers/STM32F0xx_HAL_Driver/Src/stm32f0xx_hal_gpio.o
                0x0800298c                HAL_GPIO_ReadPin
 *fill*         0x0800299a        0x2 
 .text.HAL_GPIO_EXTI_IRQHandler
                0x0800299c       0x1c ./Drivers/STM32F0xx_HAL_Driver/Src/stm32f0xx_hal_gpio.o
                0x0800299c                HAL_GPIO_EXTI_IRQHandler
 .text.HAL_RCC_OscConfig
                0x080029b8      0x49c ./Drivers/STM32F0xx_HAL_Driver/Src/stm32f0xx_hal_rcc.o
                0x080029b8                HAL_RCC_OscConfig
 .text.HAL_RCC_GetSysClockFreq
                0x08002e54       0x70 ./Drivers/STM32F0xx_HAL_Driver/Src/stm32f0xx_hal_rcc.o
                0x08002e54                HAL_RCC_GetSysClockFreq
 .text.HAL_RCC_ClockConfig
                0x08002ec4      0x134 ./Drivers/STM32F0xx_HAL_Driver/Src/stm32f0xx_hal_rcc.o
                0x08002ec4                HAL_RCC_ClockConfig
 .text.HAL_RCC_GetHCLKFreq
                0x08002ff8        0xc ./Drivers/STM32F0xx_HAL_Driver/Src/stm32f0xx_hal_rcc.o
                0x08002ff8                HAL_RCC_GetHCLKFreq
 .text.HAL_RCC_GetPCLK1Freq
                0x08003004       0x20 ./Drivers/STM32F0xx_HAL_Driver/Src/stm32f0xx_hal_rcc.o
                0x08003004                HAL_RCC_GetPCLK1Freq
 .text.TIM_OC1_SetConfig
                0x08003024       0x8c ./Drivers/STM32F0xx_HAL_Driver/Src/stm32f0xx_hal_tim.o
 .text.TIM_OC3_SetConfig
                0x080030b0       0x8c ./Drivers/STM32F0xx_HAL_Driver/Src/stm32f0xx_hal_tim.o
 .text.TIM_OC4_SetConfig
                0x0800313c       0x74 ./Drivers/STM32F0xx_HAL_Driver/Src/stm32f0xx_hal_tim.o
 .text.HAL_TIM_Base_Start_IT
                0x080031b0       0x64 ./Drivers/STM32F0xx_HAL_Driver/Src/stm32f0xx_hal_tim.o
                0x080031b0                HAL_TIM_Base_Start_IT
 .text.HAL_TIM_PeriodElapsedCallback
                0x08003214        0x2 ./Drivers/STM32F0xx_HAL_Driver/Src/stm32f0xx_hal_tim.o
                0x08003214                HAL_TIM_PeriodElapsedCallback
 .text.HAL_TIM_OC_DelayElapsedCallback
                0x08003216        0x2 ./Drivers/STM32F0xx_HAL_Driver/Src/stm32f0xx_hal_tim.o
                0x08003216                HAL_TIM_OC_DelayElapsedCallback
 .text.HAL_TIM_IC_CaptureCallback
                0x08003218        0x2 ./Drivers/STM32F0xx_HAL_Driver/Src/stm32f0xx_hal_tim.o
                0x08003218                HAL_TIM_IC_CaptureCallback
 .text.HAL_TIM_PWM_PulseFinishedCallback
                0x0800321a        0x2 ./Drivers/STM32F0xx_HAL_Driver/Src/stm32f0xx_hal_tim.o
                0x0800321a                HAL_TIM_PWM_PulseFinishedCallback
 .text.HAL_TIM_TriggerCallback
                0x0800321c        0x2 ./Drivers/STM32F0xx_HAL_Driver/Src/stm32f0xx_hal_tim.o
                0x0800321c                HAL_TIM_TriggerCallback
 .text.HAL_TIM_IRQHandler
                0x0800321e      0x15a ./Drivers/STM32F0xx_HAL_Driver/Src/stm32f0xx_hal_tim.o
                0x0800321e                HAL_TIM_IRQHandler
 .text.TIM_Base_SetConfig
                0x08003378       0x94 ./Drivers/STM32F0xx_HAL_Driver/Src/stm32f0xx_hal_tim.o
                0x08003378                TIM_Base_SetConfig
 .text.HAL_TIM_Base_Init
                0x0800340c       0x58 ./Drivers/STM32F0xx_HAL_Driver/Src/stm32f0xx_hal_tim.o
                0x0800340c                HAL_TIM_Base_Init
 .text.HAL_TIM_PWM_Init
                0x08003464       0x58 ./Drivers/STM32F0xx_HAL_Driver/Src/stm32f0xx_hal_tim.o
                0x08003464                HAL_TIM_PWM_Init
 .text.TIM_OC2_SetConfig
                0x080034bc       0x84 ./Drivers/STM32F0xx_HAL_Driver/Src/stm32f0xx_hal_tim.o
                0x080034bc                TIM_OC2_SetConfig
 .text.HAL_TIM_PWM_ConfigChannel
                0x08003540       0xf0 ./Drivers/STM32F0xx_HAL_Driver/Src/stm32f0xx_hal_tim.o
                0x08003540                HAL_TIM_PWM_ConfigChannel
 .text.TIM_CCxChannelCmd
                0x08003630       0x1a ./Drivers/STM32F0xx_HAL_Driver/Src/stm32f0xx_hal_tim.o
                0x08003630                TIM_CCxChannelCmd
 *fill*         0x0800364a        0x2 
 .text.HAL_TIM_PWM_Start
                0x0800364c       0xf4 ./Drivers/STM32F0xx_HAL_Driver/Src/stm32f0xx_hal_tim.o
                0x0800364c                HAL_TIM_PWM_Start
 .text.HAL_TIM_PWM_Start_IT
                0x08003740      0x138 ./Drivers/STM32F0xx_HAL_Driver/Src/stm32f0xx_hal_tim.o
                0x08003740                HAL_TIM_PWM_Start_IT
 .text.HAL_TIM_PWM_Stop_IT
                0x08003878       0xf8 ./Drivers/STM32F0xx_HAL_Driver/Src/stm32f0xx_hal_tim.o
                0x08003878                HAL_TIM_PWM_Stop_IT
 .text.HAL_TIMEx_MasterConfigSynchronization
                0x08003970       0x64 ./Drivers/STM32F0xx_HAL_Driver/Src/stm32f0xx_hal_tim_ex.o
                0x08003970                HAL_TIMEx_MasterConfigSynchronization
 .text.HAL_TIMEx_ConfigBreakDeadTime
                0x080039d4       0x6c ./Drivers/STM32F0xx_HAL_Driver/Src/stm32f0xx_hal_tim_ex.o
                0x080039d4                HAL_TIMEx_ConfigBreakDeadTime
 .text.HAL_TIMEx_CommutCallback
                0x08003a40        0x2 ./Drivers/STM32F0xx_HAL_Driver/Src/stm32f0xx_hal_tim_ex.o
                0x08003a40                HAL_TIMEx_CommutCallback
 .text.HAL_TIMEx_BreakCallback
                0x08003a42        0x2 ./Drivers/STM32F0xx_HAL_Driver/Src/stm32f0xx_hal_tim_ex.o
                0x08003a42                HAL_TIMEx_BreakCallback
 .text.UART_EndTxTransfer
                0x08003a44       0x20 ./Drivers/STM32F0xx_HAL_Driver/Src/stm32f0xx_hal_uart.o
 .text.UART_EndRxTransfer
                0x08003a64       0x60 ./Drivers/STM32F0xx_HAL_Driver/Src/stm32f0xx_hal_uart.o
 .text.HAL_UART_Transmit_DMA
                0x08003ac4       0xd4 ./Drivers/STM32F0xx_HAL_Driver/Src/stm32f0xx_hal_uart.o
                0x08003ac4                HAL_UART_Transmit_DMA
 .text.UART_DMATransmitCplt
                0x08003b98       0x48 ./Drivers/STM32F0xx_HAL_Driver/Src/stm32f0xx_hal_uart.o
 .text.UART_EndTransmit_IT
                0x08003be0       0x28 ./Drivers/STM32F0xx_HAL_Driver/Src/stm32f0xx_hal_uart.o
 .text.HAL_UART_TxHalfCpltCallback
                0x08003c08        0x2 ./Drivers/STM32F0xx_HAL_Driver/Src/stm32f0xx_hal_uart.o
                0x08003c08                HAL_UART_TxHalfCpltCallback
 .text.UART_DMATxHalfCplt
                0x08003c0a        0xa ./Drivers/STM32F0xx_HAL_Driver/Src/stm32f0xx_hal_uart.o
 .text.HAL_UART_RxHalfCpltCallback
                0x08003c14        0x2 ./Drivers/STM32F0xx_HAL_Driver/Src/stm32f0xx_hal_uart.o
                0x08003c14                HAL_UART_RxHalfCpltCallback
 .text.HAL_UART_ErrorCallback
                0x08003c16        0x2 ./Drivers/STM32F0xx_HAL_Driver/Src/stm32f0xx_hal_uart.o
                0x08003c16                HAL_UART_ErrorCallback
 .text.UART_DMAError
                0x08003c18       0x4e ./Drivers/STM32F0xx_HAL_Driver/Src/stm32f0xx_hal_uart.o
 .text.UART_DMAAbortOnError
                0x08003c66       0x14 ./Drivers/STM32F0xx_HAL_Driver/Src/stm32f0xx_hal_uart.o
 .text.HAL_UARTEx_RxEventCallback
                0x08003c7a        0x2 ./Drivers/STM32F0xx_HAL_Driver/Src/stm32f0xx_hal_uart.o
                0x08003c7a                HAL_UARTEx_RxEventCallback
 .text.HAL_UART_IRQHandler
                0x08003c7c      0x2ac ./Drivers/STM32F0xx_HAL_Driver/Src/stm32f0xx_hal_uart.o
                0x08003c7c                HAL_UART_IRQHandler
 .text.UART_DMARxHalfCplt
                0x08003f28       0x1c ./Drivers/STM32F0xx_HAL_Driver/Src/stm32f0xx_hal_uart.o
 .text.UART_DMAReceiveCplt
                0x08003f44       0x90 ./Drivers/STM32F0xx_HAL_Driver/Src/stm32f0xx_hal_uart.o
 .text.UART_SetConfig
                0x08003fd4      0x178 ./Drivers/STM32F0xx_HAL_Driver/Src/stm32f0xx_hal_uart.o
                0x08003fd4                UART_SetConfig
 .text.UART_AdvFeatureConfig
                0x0800414c       0xe0 ./Drivers/STM32F0xx_HAL_Driver/Src/stm32f0xx_hal_uart.o
                0x0800414c                UART_AdvFeatureConfig
 .text.UART_WaitOnFlagUntilTimeout
                0x0800422c       0xdc ./Drivers/STM32F0xx_HAL_Driver/Src/stm32f0xx_hal_uart.o
                0x0800422c                UART_WaitOnFlagUntilTimeout
 .text.UART_CheckIdleState
                0x08004308       0x70 ./Drivers/STM32F0xx_HAL_Driver/Src/stm32f0xx_hal_uart.o
                0x08004308                UART_CheckIdleState
 .text.HAL_UART_Init
                0x08004378       0x6c ./Drivers/STM32F0xx_HAL_Driver/Src/stm32f0xx_hal_uart.o
                0x08004378                HAL_UART_Init
 .text.UART_Start_Receive_DMA
                0x080043e4       0xb0 ./Drivers/STM32F0xx_HAL_Driver/Src/stm32f0xx_hal_uart.o
                0x080043e4                UART_Start_Receive_DMA
 .text.HAL_UART_Receive_DMA
                0x08004494       0x72 ./Drivers/STM32F0xx_HAL_Driver/Src/stm32f0xx_hal_uart.o
                0x08004494                HAL_UART_Receive_DMA
 *fill*         0x08004506        0x2 
 .text._Api_SwingUrna_task
                0x08004508       0xd8 ./Drv/api_swing.o
 .text._Api_Swing_RenewTimeoutCamera
                0x080045e0       0x1c ./Drv/api_swing.o
 .text._api_swing_task_mode_na
                0x080045fc      0x454 ./Drv/api_swing.o
 .text._api_swing_task_mode_pc
                0x08004a50      0x458 ./Drv/api_swing.o
 .text.setBurlaArmisHc
                0x08004ea8        0xc ./Drv/api_swing.o
                0x08004ea8                setBurlaArmisHc
 .text.clrBurlaArmisHc
                0x08004eb4       0x14 ./Drv/api_swing.o
                0x08004eb4                clrBurlaArmisHc
 .text._api_swing_task_mode_nf
                0x08004ec8      0x5ec ./Drv/api_swing.o
 .text.getBurlaArmisHc
                0x080054b4        0xc ./Drv/api_swing.o
                0x080054b4                getBurlaArmisHc
 .text.Api_Swing_Rx_CallBack
                0x080054c0       0x28 ./Drv/api_swing.o
                0x080054c0                Api_Swing_Rx_CallBack
 .text.Protocolo_Flag_Get
                0x080054e8       0x10 ./Drv/api_swing.o
                0x080054e8                Protocolo_Flag_Get
 .text._Api_Swing_task_Trata_Packet
                0x080054f8      0x30c ./Drv/api_swing.o
 .text.Api_Swing_Init
                0x08005804       0x60 ./Drv/api_swing.o
                0x08005804                Api_Swing_Init
 .text.Api_Swing_alarm_task
                0x08005864       0x4a ./Drv/api_swing.o
                0x08005864                Api_Swing_alarm_task
 .text.Api_Swing_Task_Alarme
                0x080058ae        0x8 ./Drv/api_swing.o
                0x080058ae                Api_Swing_Task_Alarme
 .text.Api_Swing_get_sensor
                0x080058b6       0x3e ./Drv/api_swing.o
                0x080058b6                Api_Swing_get_sensor
 .text.Api_Swing_alarm
                0x080058f4       0x1a ./Drv/api_swing.o
                0x080058f4                Api_Swing_alarm
 *fill*         0x0800590e        0x2 
 .text._api_swing_task_searchHome
                0x08005910      0x1d8 ./Drv/api_swing.o
 .text._Api_Swing_task_Home
                0x08005ae8      0x164 ./Drv/api_swing.o
 .text._EncMt_TASK
                0x08005c4c       0x18 ./Drv/encoder.o
                0x08005c4c                _EncMt_TASK
 .text._encmt_task_init
                0x08005c64       0x88 ./Drv/encoder.o
 .text._encdisk_task
                0x08005cec      0x280 ./Drv/encoder.o
 .text.lock     0x08005f6c       0x24 ./Drv/encoder.o
                0x08005f6c                lock
 .text.setBalanceFlag
                0x08005f90        0xc ./Drv/encoder.o
                0x08005f90                setBalanceFlag
 .text.clearBalanceFlag
                0x08005f9c        0xc ./Drv/encoder.o
                0x08005f9c                clearBalanceFlag
 .text._encdisk_func_get_pos
                0x08005fa8       0x48 ./Drv/encoder.o
                0x08005fa8                _encdisk_func_get_pos
 .text._enc_task
                0x08005ff0      0x19c ./Drv/encoder.o
 .text._encdisk_func_inc_buffindex
                0x0800618c       0x38 ./Drv/encoder.o
                0x0800618c                _encdisk_func_inc_buffindex
 .text._encdisk_func_break_clear
                0x080061c4       0x34 ./Drv/encoder.o
                0x080061c4                _encdisk_func_break_clear
 .text._encmt_task_move_balance
                0x080061f8      0x148 ./Drv/encoder.o
 .text._encdisk_func_break_get
                0x08006340       0x14 ./Drv/encoder.o
                0x08006340                _encdisk_func_break_get
 .text._encmt_task_move_to_stop
                0x08006354      0x10c ./Drv/encoder.o
 .text._enc_stop_mode
                0x08006460       0x28 ./Drv/encoder.o
                0x08006460                _enc_stop_mode
 .text._encmt_task_idle
                0x08006488       0xd8 ./Drv/encoder.o
 .text._encmt_task_move
                0x08006560      0x3c4 ./Drv/encoder.o
 .text._encmt_task_cali
                0x08006924      0x4e0 ./Drv/encoder.o
 .text.Encoder_Init
                0x08006e04       0x90 ./Drv/encoder.o
                0x08006e04                Encoder_Init
 .text.Encoder_Refresh_IT
                0x08006e94      0x258 ./Drv/encoder.o
                0x08006e94                Encoder_Refresh_IT
 .text.Encoder_Position_IT
                0x080070ec       0x28 ./Drv/encoder.o
                0x080070ec                Encoder_Position_IT
 .text.Encoder_Cali_Get
                0x08007114       0x14 ./Drv/encoder.o
                0x08007114                Encoder_Cali_Get
 .text.Encoder_Cali_Set
                0x08007128       0x34 ./Drv/encoder.o
                0x08007128                Encoder_Cali_Set
 .text.Encoder_Move_Set
                0x0800715c       0xd4 ./Drv/encoder.o
                0x0800715c                Encoder_Move_Set
 .text.Encoder_Move_Get
                0x08007230       0x30 ./Drv/encoder.o
                0x08007230                Encoder_Move_Get
 .text.Encoder_Stat
                0x08007260       0x10 ./Drv/encoder.o
                0x08007260                Encoder_Stat
 .text.inputs_get
                0x08007270       0xc4 ./Drv/inputs.o
                0x08007270                inputs_get
 .text.inputs_motor_get
                0x08007334       0x44 ./Drv/inputs.o
                0x08007334                inputs_motor_get
 .text.HAL_GPIO_EXTI_Callback
                0x08007378       0x94 ./Drv/inputs.o
                0x08007378                HAL_GPIO_EXTI_Callback
 .text.Inputs_Init
                0x0800740c       0x16 ./Drv/inputs.o
                0x0800740c                Inputs_Init
 *fill*         0x08007422        0x2 
 .text.Inputs_IT
                0x08007424       0x80 ./Drv/inputs.o
                0x08007424                Inputs_IT
 .text.Inputs_Task
                0x080074a4      0x120 ./Drv/inputs.o
                0x080074a4                Inputs_Task
 .text.Inputs_Get
                0x080075c4       0x10 ./Drv/inputs.o
                0x080075c4                Inputs_Get
 .text.Inputs_Com_Get
                0x080075d4        0xc ./Drv/inputs.o
                0x080075d4                Inputs_Com_Get
 .text.Inputs_Motor_Enc_Get
                0x080075e0       0x10 ./Drv/inputs.o
                0x080075e0                Inputs_Motor_Enc_Get
 .text.Inputs_Motor_Disc_Get
                0x080075f0       0x10 ./Drv/inputs.o
                0x080075f0                Inputs_Motor_Disc_Get
 .text.Inputs_Urn_CardDet
                0x08007600       0x20 ./Drv/inputs.o
                0x08007600                Inputs_Urn_CardDet
 .text.outputs_Buzz_Task
                0x08007620       0xf8 ./Drv/outputs.o
                0x08007620                outputs_Buzz_Task
 .text.output_RGB_Set
                0x08007718       0x40 ./Drv/outputs.o
                0x08007718                output_RGB_Set
 .text.output_RGB_ctrl
                0x08007758      0x14c ./Drv/outputs.o
                0x08007758                output_RGB_ctrl
 .text.outputs_RGB_IT
                0x080078a4       0x74 ./Drv/outputs.o
                0x080078a4                outputs_RGB_IT
 .text.outputs_RGB_Color_Table
                0x08007918       0x7c ./Drv/outputs.o
                0x08007918                outputs_RGB_Color_Table
 .text.outputs_Urn_IT
                0x08007994      0x140 ./Drv/outputs.o
                0x08007994                outputs_Urn_IT
 .text.Outputs_Buzz_Set
                0x08007ad4       0x58 ./Drv/outputs.o
                0x08007ad4                Outputs_Buzz_Set
 .text.Outputs_RGB_Set
                0x08007b2c       0x70 ./Drv/outputs.o
                0x08007b2c                Outputs_RGB_Set
 .text.Outputs_Urn_Sol_Set
                0x08007b9c        0xc ./Drv/outputs.o
                0x08007b9c                Outputs_Urn_Sol_Set
 .text.Outputs_Urn_Pic_Set
                0x08007ba8        0xc ./Drv/outputs.o
                0x08007ba8                Outputs_Urn_Pic_Set
 .text.Outputs_Com_Pass
                0x08007bb4       0x24 ./Drv/outputs.o
                0x08007bb4                Outputs_Com_Pass
 .text.Outputs_Com_Cheat
                0x08007bd8       0x24 ./Drv/outputs.o
                0x08007bd8                Outputs_Com_Cheat
 .text.Outputs_Com_Cheat_Get
                0x08007bfc        0xc ./Drv/outputs.o
                0x08007bfc                Outputs_Com_Cheat_Get
 .text.Outputs_Task_IT
                0x08007c08        0xc ./Drv/outputs.o
                0x08007c08                Outputs_Task_IT
 .text.Outputs_Task
                0x08007c14        0x8 ./Drv/outputs.o
                0x08007c14                Outputs_Task
 .text._Pos_TASK
                0x08007c1c       0x28 ./Drv/position.o
                0x08007c1c                _Pos_TASK
 .text._pos_mt_task_init
                0x08007c44       0x38 ./Drv/position.o
 .text._pos_task_mode
                0x08007c7c       0xb0 ./Drv/position.o
 .text._pos_task_init
                0x08007d2c      0x190 ./Drv/position.o
 .text._pos_task_mode_na
                0x08007ebc       0x80 ./Drv/position.o
 .text._pos_task_mode_nf
                0x08007f3c       0x80 ./Drv/position.o
 .text._pos_task_mode_pc
                0x08007fbc       0x80 ./Drv/position.o
 .text._pos_mt_task_run
                0x0800803c      0x208 ./Drv/position.o
 .text.Position_Init
                0x08008244       0x6c ./Drv/position.o
                0x08008244                Position_Init
 .text.Position_Config_Motor
                0x080082b0       0x28 ./Drv/position.o
                0x080082b0                Position_Config_Motor
 .text.Position_Config_Mode
                0x080082d8       0x78 ./Drv/position.o
                0x080082d8                Position_Config_Mode
 .text.Position_Status
                0x08008350        0xc ./Drv/position.o
                0x08008350                Position_Status
 .text.Position_PC_Set
                0x0800835c       0x8c ./Drv/position.o
                0x0800835c                Position_PC_Set
 .text.Position_NA_Entrance_Set
                0x080083e8       0x48 ./Drv/position.o
                0x080083e8                Position_NA_Entrance_Set
 .text.Position_NA_Exit_Set
                0x08008430       0x48 ./Drv/position.o
                0x08008430                Position_NA_Exit_Set
 .text.Position_NF_Set
                0x08008478       0x54 ./Drv/position.o
                0x08008478                Position_NF_Set
 .text.Package_ChecksumCalc
                0x080084cc       0x18 ./Drv/protocolo_swing.o
 .text.Package_Dismount
                0x080084e4       0x6e ./Drv/protocolo_swing.o
                0x080084e4                Package_Dismount
 .text.Package_Mount
                0x08008552       0x6a ./Drv/protocolo_swing.o
                0x08008552                Package_Mount
 .text._sensor_task_idle
                0x080085bc       0x30 ./Drv/sensor.o
                0x080085bc                _sensor_task_idle
 .text._sensor_get_sensor
                0x080085ec       0x3e ./Drv/sensor.o
                0x080085ec                _sensor_get_sensor
 *fill*         0x0800862a        0x2 
 .text._sensor_task_alarm
                0x0800862c       0x74 ./Drv/sensor.o
                0x0800862c                _sensor_task_alarm
 .text._sensor_task_entrance
                0x080086a0       0xa0 ./Drv/sensor.o
                0x080086a0                _sensor_task_entrance
 .text._sensor_task_exit
                0x08008740       0xa0 ./Drv/sensor.o
                0x08008740                _sensor_task_exit
 .text.Sensor_Init
                0x080087e0       0x18 ./Drv/sensor.o
                0x080087e0                Sensor_Init
 .text.Sensor_Get
                0x080087f8        0xc ./Drv/sensor.o
                0x080087f8                Sensor_Get
 .text.Sensor_Set
                0x08008804       0x64 ./Drv/sensor.o
                0x08008804                Sensor_Set
 .text._stpmt_TASK
                0x08008868       0x18 ./Drv/stepmotor.o
 .text._stpmt_func_motor_stop
                0x08008880        0x8 ./Drv/stepmotor.o
                0x08008880                _stpmt_func_motor_stop
 .text._stpmt_func_motor_start
                0x08008888       0x14 ./Drv/stepmotor.o
                0x08008888                _stpmt_func_motor_start
 .text._stpmt_func_motor_set
                0x0800889c        0x8 ./Drv/stepmotor.o
                0x0800889c                _stpmt_func_motor_set
 .text._stpmt_func_motor_move
                0x080088a4      0x124 ./Drv/stepmotor.o
                0x080088a4                _stpmt_func_motor_move
 .text._stpmt_task_ctrl
                0x080089c8      0x110 ./Drv/stepmotor.o
 .text.StepMotor_IT
                0x08008ad8      0x1a4 ./Drv/stepmotor.o
                0x08008ad8                StepMotor_IT
 .text.StepMotor_Init
                0x08008c7c       0x70 ./Drv/stepmotor.o
                0x08008c7c                StepMotor_Init
 .text.StepMotor_GetSts
                0x08008cec       0x14 ./Drv/stepmotor.o
                0x08008cec                StepMotor_GetSts
 .text.StepMotor_GO
                0x08008d00       0x68 ./Drv/stepmotor.o
                0x08008d00                StepMotor_GO
 .text.StepMotor_STOP
                0x08008d68       0x14 ./Drv/stepmotor.o
                0x08008d68                StepMotor_STOP
 .text.StepMotor_POWER
                0x08008d7c       0x1c ./Drv/stepmotor.o
                0x08008d7c                StepMotor_POWER
 .text.StepMotor_GetStepEnc
                0x08008d98       0x10 ./Drv/stepmotor.o
                0x08008d98                StepMotor_GetStepEnc
 .text.StepMotor_GetStepPos
                0x08008da8       0x14 ./Drv/stepmotor.o
                0x08008da8                StepMotor_GetStepPos
 .text.TaskManager
                0x08008dbc       0x28 ./Drv/task_manager.o
                0x08008dbc                TaskManager
 .text.TaskManager_Go
                0x08008de4       0x14 ./Drv/task_manager.o
                0x08008de4                TaskManager_Go
 .text.TaskManager_Clear
                0x08008df8       0x38 ./Drv/task_manager.o
                0x08008df8                TaskManager_Clear
 .text.TaskManager_Set
                0x08008e30       0x14 ./Drv/task_manager.o
                0x08008e30                TaskManager_Set
 .text.TaskManager_First_Set
                0x08008e44       0x4c ./Drv/task_manager.o
                0x08008e44                TaskManager_First_Set
 .text.TaskManager_First_Get
                0x08008e90       0x24 ./Drv/task_manager.o
                0x08008e90                TaskManager_First_Get
 .text.TaskManager_Step_Set
                0x08008eb4       0x24 ./Drv/task_manager.o
                0x08008eb4                TaskManager_Step_Set
 .text.TaskManager_Step_Get
                0x08008ed8       0x24 ./Drv/task_manager.o
                0x08008ed8                TaskManager_Step_Get
 .text.TaskManager_Step_Inc
                0x08008efc       0x30 ./Drv/task_manager.o
                0x08008efc                TaskManager_Step_Inc
 .text.TaskManager_StepBack_Set
                0x08008f2c       0x24 ./Drv/task_manager.o
                0x08008f2c                TaskManager_StepBack_Set
 .text.TaskManager_StepBack_Get
                0x08008f50       0x24 ./Drv/task_manager.o
                0x08008f50                TaskManager_StepBack_Get
 .text.MX_DMA_Init
                0x08008f74       0x30 ./Src/dma.o
                0x08008f74                MX_DMA_Init
 .text.GPIO_Init_RS485
                0x08008fa4       0x80 ./Src/gpio.o
                0x08008fa4                GPIO_Init_RS485
 .text.GPIO_Init_Buzzer
                0x08009024       0x48 ./Src/gpio.o
                0x08009024                GPIO_Init_Buzzer
 .text.GPIO_Init_Disp_Led
                0x0800906c       0x48 ./Src/gpio.o
                0x0800906c                GPIO_Init_Disp_Led
 .text.GPIO_Init_PictoInOut_Part1
                0x080090b4       0x7c ./Src/gpio.o
                0x080090b4                GPIO_Init_PictoInOut_Part1
 .text.GPIO_Init_PictoInOut_Part2
                0x08009130       0xcc ./Src/gpio.o
                0x08009130                GPIO_Init_PictoInOut_Part2
 .text.GPIO_Init_Urn_Sol
                0x080091fc       0x44 ./Src/gpio.o
                0x080091fc                GPIO_Init_Urn_Sol
 .text.GPIO_Init_Motors
                0x08009240       0xe8 ./Src/gpio.o
                0x08009240                GPIO_Init_Motors
 .text.GPIO_Init_Urn
                0x08009328       0x80 ./Src/gpio.o
                0x08009328                GPIO_Init_Urn
 .text.GPIO_Init_Sensor
                0x080093a8       0xac ./Src/gpio.o
                0x080093a8                GPIO_Init_Sensor
 .text.GPIO_Init_PicA
                0x08009454       0x90 ./Src/gpio.o
                0x08009454                GPIO_Init_PicA
 .text.GPIO_Init_ComIo
                0x080094e4       0xa4 ./Src/gpio.o
                0x080094e4                GPIO_Init_ComIo
 .text.GPIO_Init_Hmi
                0x08009588      0x208 ./Src/gpio.o
                0x08009588                GPIO_Init_Hmi
 .text.GPIO_Init_Motor_Locks
                0x08009790      0x14c ./Src/gpio.o
                0x08009790                GPIO_Init_Motor_Locks
 .text.GPIO_Init_Motor1_Lock1
                0x080098dc       0x48 ./Src/gpio.o
                0x080098dc                GPIO_Init_Motor1_Lock1
 .text.GPIO_Init_All
                0x08009924       0xbc ./Src/gpio.o
                0x08009924                GPIO_Init_All
 .text.SystemClock_Config
                0x080099e0       0x4a ./Src/main.o
                0x080099e0                SystemClock_Config
 .text.main     0x08009a2a       0x4c ./Src/main.o
                0x08009a2a                main
 .text.Error_Handler
                0x08009a76        0x2 ./Src/main.o
                0x08009a76                Error_Handler
 .text.HAL_MspInit
                0x08009a78       0x30 ./Src/stm32f0xx_hal_msp.o
                0x08009a78                HAL_MspInit
 .text.HAL_TIM_PWM_MspInit
                0x08009aa8       0xac ./Src/stm32f0xx_hal_msp.o
                0x08009aa8                HAL_TIM_PWM_MspInit
 .text.HAL_TIM_Base_MspInit
                0x08009b54       0x88 ./Src/stm32f0xx_hal_msp.o
                0x08009b54                HAL_TIM_Base_MspInit
 .text.HAL_TIM_MspPostInit
                0x08009bdc       0xfc ./Src/stm32f0xx_hal_msp.o
                0x08009bdc                HAL_TIM_MspPostInit
 .text.USART2_IRQHandler
                0x08009cd8       0x10 ./Src/stm32f0xx_it.o
                0x08009cd8                USART2_IRQHandler
 .text.TIM6_IRQHandler
                0x08009ce8       0x1c ./Src/stm32f0xx_it.o
                0x08009ce8                TIM6_IRQHandler
 .text.TIM15_IRQHandler
                0x08009d04       0x14 ./Src/stm32f0xx_it.o
                0x08009d04                TIM15_IRQHandler
 .text.TIM16_IRQHandler
                0x08009d18       0x14 ./Src/stm32f0xx_it.o
                0x08009d18                TIM16_IRQHandler
 .text.EXTI0_1_IRQHandler
                0x08009d2c        0xa ./Src/stm32f0xx_it.o
                0x08009d2c                EXTI0_1_IRQHandler
 .text.EXTI2_3_IRQHandler
                0x08009d36        0xa ./Src/stm32f0xx_it.o
                0x08009d36                EXTI2_3_IRQHandler
 .text.EXTI4_15_IRQHandler
                0x08009d40       0x16 ./Src/stm32f0xx_it.o
                0x08009d40                EXTI4_15_IRQHandler
 .text.NMI_Handler
                0x08009d56        0x2 ./Src/stm32f0xx_it.o
                0x08009d56                NMI_Handler
 .text.HardFault_Handler
                0x08009d58        0xc ./Src/stm32f0xx_it.o
                0x08009d58                HardFault_Handler
 .text.SVC_Handler
                0x08009d64        0x2 ./Src/stm32f0xx_it.o
                0x08009d64                SVC_Handler
 .text.PendSV_Handler
                0x08009d66        0x2 ./Src/stm32f0xx_it.o
                0x08009d66                PendSV_Handler
 .text.SysTick_Handler
                0x08009d68        0x8 ./Src/stm32f0xx_it.o
                0x08009d68                SysTick_Handler
 .text.DMA1_Channel4_5_IRQHandler
                0x08009d70       0x18 ./Src/stm32f0xx_it.o
                0x08009d70                DMA1_Channel4_5_IRQHandler
 .text.SystemInit
                0x08009d88        0x2 ./Src/system_stm32f0xx.o
                0x08009d88                SystemInit
 *fill*         0x08009d8a        0x2 
 .text.TIM_1_Init
                0x08009d8c      0x14c ./Src/tim.o
                0x08009d8c                TIM_1_Init
 .text.TIM_3_Init
                0x08009ed8      0x110 ./Src/tim.o
                0x08009ed8                TIM_3_Init
 .text.TIM_6_Init
                0x08009fe8       0x54 ./Src/tim.o
                0x08009fe8                TIM_6_Init
 .text.TIM_14_Init
                0x0800a03c       0x8c ./Src/tim.o
                0x0800a03c                TIM_14_Init
 .text.TIM_15_Init
                0x0800a0c8       0xc8 ./Src/tim.o
                0x0800a0c8                TIM_15_Init
 .text.TIM_16_Init
                0x0800a190       0xc8 ./Src/tim.o
                0x0800a190                TIM_16_Init
 .text.TIM_17_Init
                0x0800a258       0xc0 ./Src/tim.o
                0x0800a258                TIM_17_Init
 .text.TIM_Init_All
                0x0800a318       0x20 ./Src/tim.o
                0x0800a318                TIM_Init_All
 .text.TIM_STPMT_STOP
                0x0800a338       0x50 ./Src/tim.o
                0x0800a338                TIM_STPMT_STOP
 .text.TIM_STPMT_START
                0x0800a388       0x6c ./Src/tim.o
                0x0800a388                TIM_STPMT_START
 .text.TIM_STPMT_SET
                0x0800a3f4       0x20 ./Src/tim.o
                0x0800a3f4                TIM_STPMT_SET
 .text.Timing_IT
                0x0800a414       0x28 ./Src/timing.o
                0x0800a414                Timing_IT
 .text.Timing_Set
                0x0800a43c        0xc ./Src/timing.o
                0x0800a43c                Timing_Set
 .text.Timing_Get_Bool
                0x0800a448       0x18 ./Src/timing.o
                0x0800a448                Timing_Get_Bool
 .text.Usart_Set_Rx_CallBack
                0x0800a460        0xc ./Src/usart.o
                0x0800a460                Usart_Set_Rx_CallBack
 .text.Usart_Set_Tx_Buff
                0x0800a46c       0x38 ./Src/usart.o
                0x0800a46c                Usart_Set_Tx_Buff
 .text.HAL_UART_RxCpltCallback
                0x0800a4a4       0x40 ./Src/usart.o
                0x0800a4a4                HAL_UART_RxCpltCallback
 .text.HAL_UART_TxCpltCallback
                0x0800a4e4       0x38 ./Src/usart.o
                0x0800a4e4                HAL_UART_TxCpltCallback
 .text.MX_USART2_UART_Init
                0x0800a51c       0x70 ./Src/usart.o
                0x0800a51c                MX_USART2_UART_Init
 .text.HAL_UART_MspInit
                0x0800a58c       0xc0 ./Src/usart.o
                0x0800a58c                HAL_UART_MspInit
 .text.Reset_Handler
                0x0800a64c       0x50 ./Startup/startup_stm32f030r8tx.o
                0x0800a64c                Reset_Handler
 .text.Default_Handler
                0x0800a69c        0x2 ./Startup/startup_stm32f030r8tx.o
                0x0800a69c                TIM1_CC_IRQHandler
                0x0800a69c                I2C1_IRQHandler
                0x0800a69c                SPI1_IRQHandler
                0x0800a69c                ADC1_IRQHandler
                0x0800a69c                I2C2_IRQHandler
                0x0800a69c                TIM17_IRQHandler
                0x0800a69c                RTC_IRQHandler
                0x0800a69c                TIM3_IRQHandler
                0x0800a69c                RCC_IRQHandler
                0x0800a69c                DMA1_Channel1_IRQHandler
                0x0800a69c                Default_Handler
                0x0800a69c                TIM14_IRQHandler
                0x0800a69c                SPI2_IRQHandler
                0x0800a69c                WWDG_IRQHandler
                0x0800a69c                DMA1_Channel2_3_IRQHandler
                0x0800a69c                FLASH_IRQHandler
                0x0800a69c                USART1_IRQHandler
                0x0800a69c                TIM1_BRK_UP_TRG_COM_IRQHandler
 .text.memset   0x0800a69e       0x10 C:/ST/STM32CubeIDE_1.15.0/STM32CubeIDE/plugins/com.st.stm32cube.ide.mcu.externaltools.gnu-tools-for-stm32.12.3.rel1.win32_1.0.100.202403111256/tools/bin/../lib/gcc/arm-none-eabi/12.3.1/../../../../arm-none-eabi/lib/thumb/v6-m/nofp\libc_nano.a(libc_a-memset.o)
                0x0800a69e                memset
 *fill*         0x0800a6ae        0x2 
 .text.__libc_init_array
                0x0800a6b0       0x48 C:/ST/STM32CubeIDE_1.15.0/STM32CubeIDE/plugins/com.st.stm32cube.ide.mcu.externaltools.gnu-tools-for-stm32.12.3.rel1.win32_1.0.100.202403111256/tools/bin/../lib/gcc/arm-none-eabi/12.3.1/../../../../arm-none-eabi/lib/thumb/v6-m/nofp\libc_nano.a(libc_a-init.o)
                0x0800a6b0                __libc_init_array
 .text.memcpy   0x0800a6f8       0x12 C:/ST/STM32CubeIDE_1.15.0/STM32CubeIDE/plugins/com.st.stm32cube.ide.mcu.externaltools.gnu-tools-for-stm32.12.3.rel1.win32_1.0.100.202403111256/tools/bin/../lib/gcc/arm-none-eabi/12.3.1/../../../../arm-none-eabi/lib/thumb/v6-m/nofp\libc_nano.a(libc_a-memcpy-stub.o)
                0x0800a6f8                memcpy
 *(.glue_7)
 .glue_7        0x0800a70a        0x0 linker stubs
 *(.glue_7t)
 .glue_7t       0x0800a70a        0x0 linker stubs
 *(.eh_frame)
 *fill*         0x0800a70a        0x2 
 .eh_frame      0x0800a70c        0x0 C:/ST/STM32CubeIDE_1.15.0/STM32CubeIDE/plugins/com.st.stm32cube.ide.mcu.externaltools.gnu-tools-for-stm32.12.3.rel1.win32_1.0.100.202403111256/tools/bin/../lib/gcc/arm-none-eabi/12.3.1/thumb/v6-m/nofp/crtbegin.o
 *(.init)
 .init          0x0800a70c        0x4 C:/ST/STM32CubeIDE_1.15.0/STM32CubeIDE/plugins/com.st.stm32cube.ide.mcu.externaltools.gnu-tools-for-stm32.12.3.rel1.win32_1.0.100.202403111256/tools/bin/../lib/gcc/arm-none-eabi/12.3.1/thumb/v6-m/nofp/crti.o
                0x0800a70c                _init
 .init          0x0800a710        0x8 C:/ST/STM32CubeIDE_1.15.0/STM32CubeIDE/plugins/com.st.stm32cube.ide.mcu.externaltools.gnu-tools-for-stm32.12.3.rel1.win32_1.0.100.202403111256/tools/bin/../lib/gcc/arm-none-eabi/12.3.1/thumb/v6-m/nofp/crtn.o
 *(.fini)
 .fini          0x0800a718        0x4 C:/ST/STM32CubeIDE_1.15.0/STM32CubeIDE/plugins/com.st.stm32cube.ide.mcu.externaltools.gnu-tools-for-stm32.12.3.rel1.win32_1.0.100.202403111256/tools/bin/../lib/gcc/arm-none-eabi/12.3.1/thumb/v6-m/nofp/crti.o
                0x0800a718                _fini
 .fini          0x0800a71c        0x8 C:/ST/STM32CubeIDE_1.15.0/STM32CubeIDE/plugins/com.st.stm32cube.ide.mcu.externaltools.gnu-tools-for-stm32.12.3.rel1.win32_1.0.100.202403111256/tools/bin/../lib/gcc/arm-none-eabi/12.3.1/thumb/v6-m/nofp/crtn.o
                0x0800a724                        . = ALIGN (0x4)
                0x0800a724                        _etext = .

.vfp11_veneer   0x0800a724        0x0
 .vfp11_veneer  0x0800a724        0x0 linker stubs

.v4_bx          0x0800a724        0x0
 .v4_bx         0x0800a724        0x0 linker stubs

.iplt           0x0800a724        0x0
 .iplt          0x0800a724        0x0 C:/ST/STM32CubeIDE_1.15.0/STM32CubeIDE/plugins/com.st.stm32cube.ide.mcu.externaltools.gnu-tools-for-stm32.12.3.rel1.win32_1.0.100.202403111256/tools/bin/../lib/gcc/arm-none-eabi/12.3.1/thumb/v6-m/nofp/crtbegin.o

.rodata         0x0800a724      0x2e4
                0x0800a724                        . = ALIGN (0x4)
 *(.rodata)
 .rodata        0x0800a724       0x7c C:/ST/STM32CubeIDE_1.15.0/STM32CubeIDE/plugins/com.st.stm32cube.ide.mcu.externaltools.gnu-tools-for-stm32.12.3.rel1.win32_1.0.100.202403111256/tools/bin/../lib/gcc/arm-none-eabi/12.3.1/thumb/v6-m/nofp\libgcc.a(divsf3.o)
 *(.rodata*)
 .rodata.HAL_RCC_GetSysClockFreq.str1.4
                0x0800a7a0       0x25 ./Drivers/STM32F0xx_HAL_Driver/Src/stm32f0xx_hal_rcc.o
 *fill*         0x0800a7c5        0x3 
 .rodata._api_swing_task_mode_na
                0x0800a7c8       0x2c ./Drv/api_swing.o
 .rodata._api_swing_task_mode_pc
                0x0800a7f4       0x24 ./Drv/api_swing.o
 .rodata._api_swing_task_mode_nf
                0x0800a818       0x38 ./Drv/api_swing.o
 .rodata._api_swing_task_searchHome
                0x0800a850       0x20 ./Drv/api_swing.o
 .rodata._Api_Swing_task_Home
                0x0800a870       0x1c ./Drv/api_swing.o
 .rodata._encmt_task_move_balance
                0x0800a88c       0x14 ./Drv/encoder.o
 .rodata._encmt_task_idle
                0x0800a8a0       0x1c ./Drv/encoder.o
 .rodata._encmt_task_cali
                0x0800a8bc       0x2c ./Drv/encoder.o
 .rodata.sEncMoveParam
                0x0800a8e8       0x30 ./Drv/encoder.o
                0x0800a8e8                sEncMoveParam
 .rodata.inputs_get
                0x0800a918       0x3c ./Drv/inputs.o
 .rodata.inDebConst
                0x0800a954       0x1e ./Drv/inputs.o
                0x0800a954                inDebConst
 *fill*         0x0800a972        0x2 
 .rodata.outputs_Buzz_Task
                0x0800a974       0x1c ./Drv/outputs.o
 .rodata.outputs_RGB_Color_Table
                0x0800a990       0x20 ./Drv/outputs.o
 .rodata.outputs_Urn_IT
                0x0800a9b0       0x14 ./Drv/outputs.o
 .rodata._pos_task_init
                0x0800a9c4       0x2c ./Drv/position.o
 .rodata.APBPrescTable
                0x0800a9f0        0x8 ./Src/system_stm32f0xx.o
                0x0800a9f0                APBPrescTable
 .rodata.AHBPrescTable
                0x0800a9f8       0x10 ./Src/system_stm32f0xx.o
                0x0800a9f8                AHBPrescTable
                0x0800aa08                        . = ALIGN (0x4)

.rel.dyn        0x0800aa08        0x0
 .rel.iplt      0x0800aa08        0x0 C:/ST/STM32CubeIDE_1.15.0/STM32CubeIDE/plugins/com.st.stm32cube.ide.mcu.externaltools.gnu-tools-for-stm32.12.3.rel1.win32_1.0.100.202403111256/tools/bin/../lib/gcc/arm-none-eabi/12.3.1/thumb/v6-m/nofp/crtbegin.o

.ARM.extab      0x0800aa08        0x0
                0x0800aa08                        . = ALIGN (0x4)
 *(.ARM.extab* .gnu.linkonce.armextab.*)
                0x0800aa08                        . = ALIGN (0x4)

.ARM            0x0800aa08        0x0
                0x0800aa08                        . = ALIGN (0x4)
                0x0800aa08                        __exidx_start = .
 *(.ARM.exidx*)
                0x0800aa08                        __exidx_end = .
                0x0800aa08                        . = ALIGN (0x4)

.preinit_array  0x0800aa08        0x0
                0x0800aa08                        . = ALIGN (0x4)
                0x0800aa08                        PROVIDE (__preinit_array_start = .)
 *(.preinit_array*)
                0x0800aa08                        PROVIDE (__preinit_array_end = .)
                0x0800aa08                        . = ALIGN (0x4)

.init_array     0x0800aa08        0x4
                0x0800aa08                        . = ALIGN (0x4)
                0x0800aa08                        PROVIDE (__init_array_start = .)
 *(SORT_BY_NAME(.init_array.*))
 *(.init_array*)
 .init_array    0x0800aa08        0x4 C:/ST/STM32CubeIDE_1.15.0/STM32CubeIDE/plugins/com.st.stm32cube.ide.mcu.externaltools.gnu-tools-for-stm32.12.3.rel1.win32_1.0.100.202403111256/tools/bin/../lib/gcc/arm-none-eabi/12.3.1/thumb/v6-m/nofp/crtbegin.o
                0x0800aa0c                        PROVIDE (__init_array_end = .)
                0x0800aa0c                        . = ALIGN (0x4)

.fini_array     0x0800aa0c        0x4
                0x0800aa0c                        . = ALIGN (0x4)
                [!provide]                        PROVIDE (__fini_array_start = .)
 *(SORT_BY_NAME(.fini_array.*))
 *(.fini_array*)
 .fini_array    0x0800aa0c        0x4 C:/ST/STM32CubeIDE_1.15.0/STM32CubeIDE/plugins/com.st.stm32cube.ide.mcu.externaltools.gnu-tools-for-stm32.12.3.rel1.win32_1.0.100.202403111256/tools/bin/../lib/gcc/arm-none-eabi/12.3.1/thumb/v6-m/nofp/crtbegin.o
                [!provide]                        PROVIDE (__fini_array_end = .)
                0x0800aa10                        . = ALIGN (0x4)
                0x0800aa10                        _sidata = LOADADDR (.data)

.data           0x20000000       0x10 load address 0x0800aa10
                0x20000000                        . = ALIGN (0x4)
                0x20000000                        _sdata = .
 *(.data)
 *(.data*)
 .data.uwTickFreq
                0x20000000        0x1 ./Drivers/STM32F0xx_HAL_Driver/Src/stm32f0xx_hal.o
                0x20000000                uwTickFreq
 *fill*         0x20000001        0x3 
 .data.uwTickPrio
                0x20000004        0x4 ./Drivers/STM32F0xx_HAL_Driver/Src/stm32f0xx_hal.o
                0x20000004                uwTickPrio
 .data.directionBalance
                0x20000008        0x1 ./Drv/encoder.o
                0x20000008                directionBalance
 *fill*         0x20000009        0x3 
 .data.SystemCoreClock
                0x2000000c        0x4 ./Src/system_stm32f0xx.o
                0x2000000c                SystemCoreClock
                0x20000010                        . = ALIGN (0x4)
                0x20000010                        _edata = .

.igot.plt       0x20000010        0x0 load address 0x0800aa20
 .igot.plt      0x20000010        0x0 C:/ST/STM32CubeIDE_1.15.0/STM32CubeIDE/plugins/com.st.stm32cube.ide.mcu.externaltools.gnu-tools-for-stm32.12.3.rel1.win32_1.0.100.202403111256/tools/bin/../lib/gcc/arm-none-eabi/12.3.1/thumb/v6-m/nofp/crtbegin.o
                0x20000010                        . = ALIGN (0x4)

.bss            0x20000010      0xad0 load address 0x0800aa20
                0x20000010                        _sbss = .
                0x20000010                        __bss_start__ = _sbss
 *(.bss)
 .bss           0x20000010       0x1c C:/ST/STM32CubeIDE_1.15.0/STM32CubeIDE/plugins/com.st.stm32cube.ide.mcu.externaltools.gnu-tools-for-stm32.12.3.rel1.win32_1.0.100.202403111256/tools/bin/../lib/gcc/arm-none-eabi/12.3.1/thumb/v6-m/nofp/crtbegin.o
 *(.bss*)
 .bss.uwTick    0x2000002c        0x4 ./Drivers/STM32F0xx_HAL_Driver/Src/stm32f0xx_hal.o
                0x2000002c                uwTick
 .bss.eAcessoSaida.0
                0x20000030        0x1 ./Drv/api_swing.o
 .bss.eAcessoEntrada.1
                0x20000031        0x1 ./Drv/api_swing.o
 *fill*         0x20000032        0x2 
 .bss.sApiSwPcdbg
                0x20000034        0x8 ./Drv/api_swing.o
                0x20000034                sApiSwPcdbg
 .bss.flagBurlaArmisHc
                0x2000003c        0x1 ./Drv/api_swing.o
                0x2000003c                flagBurlaArmisHc
 *fill*         0x2000003d        0x3 
 .bss.sApiSwingVar
                0x20000040        0xc ./Drv/api_swing.o
                0x20000040                sApiSwingVar
 .bss.sApiSwingCmdInfo
                0x2000004c       0x28 ./Drv/api_swing.o
                0x2000004c                sApiSwingCmdInfo
 .bss.flagRetornoTrava
                0x20000074        0x1 ./Drv/api_swing.o
                0x20000074                flagRetornoTrava
 .bss.flagStateBlockExit
                0x20000075        0x1 ./Drv/api_swing.o
                0x20000075                flagStateBlockExit
 .bss.flagStateBlockEntrance
                0x20000076        0x1 ./Drv/api_swing.o
                0x20000076                flagStateBlockEntrance
 .bss.flagStopMotor
                0x20000077        0x1 ./Drv/api_swing.o
                0x20000077                flagStopMotor
 .bss.StatusMotor
                0x20000078        0x1 ./Drv/api_swing.o
                0x20000078                StatusMotor
 .bss.u8ReceiveRx
                0x20000079        0x1 ./Drv/api_swing.o
                0x20000079                u8ReceiveRx
 *fill*         0x2000007a        0x2 
 .bss.sApiSwTask
                0x2000007c        0x2 ./Drv/api_swing.o
                0x2000007c                sApiSwTask
 *fill*         0x2000007e        0x2 
 .bss.encCounterTest
                0x20000080        0x4 ./Drv/encoder.o
                0x20000080                encCounterTest
 .bss.encCounterTestCalib
                0x20000084        0x4 ./Drv/encoder.o
                0x20000084                encCounterTestCalib
 .bss.sMoveCheck
                0x20000088       0x10 ./Drv/encoder.o
                0x20000088                sMoveCheck
 .bss.balanceCount
                0x20000098        0x4 ./Drv/encoder.o
 .bss.sEncMtask
                0x2000009c        0x8 ./Drv/encoder.o
                0x2000009c                sEncMtask
 .bss.sEncCtrl  0x200000a4       0x30 ./Drv/encoder.o
                0x200000a4                sEncCtrl
 .bss.sEncBreak
                0x200000d4       0x14 ./Drv/encoder.o
                0x200000d4                sEncBreak
 .bss.sEncPosMap
                0x200000e8       0x30 ./Drv/encoder.o
                0x200000e8                sEncPosMap
 .bss.sEncDisk  0x20000118       0x32 ./Drv/encoder.o
                0x20000118                sEncDisk
 *fill*         0x2000014a        0x2 
 .bss.sEncCalib
                0x2000014c       0x70 ./Drv/encoder.o
                0x2000014c                sEncCalib
 .bss.balanceFlag
                0x200001bc        0x1 ./Drv/encoder.o
                0x200001bc                balanceFlag
 *fill*         0x200001bd        0x3 
 .bss.sInUrn    0x200001c0        0x1 ./Drv/inputs.o
                0x200001c0                sInUrn
 *fill*         0x200001c1        0x3 
 .bss.sInMt     0x200001c4       0x12 ./Drv/inputs.o
                0x200001c4                sInMt
 *fill*         0x200001d6        0x2 
 .bss.sInCom    0x200001d8        0x6 ./Drv/inputs.o
                0x200001d8                sInCom
 *fill*         0x200001de        0x2 
 .bss.sInPin    0x200001e0       0x3c ./Drv/inputs.o
                0x200001e0                sInPin
 .bss.sOutCom   0x2000021c        0x2 ./Drv/outputs.o
                0x2000021c                sOutCom
 *fill*         0x2000021e        0x2 
 .bss.sOutUrn   0x20000220        0xa ./Drv/outputs.o
                0x20000220                sOutUrn
 *fill*         0x2000022a        0x2 
 .bss.sOutRgb   0x2000022c       0x1e ./Drv/outputs.o
                0x2000022c                sOutRgb
 *fill*         0x2000024a        0x2 
 .bss.sOutBuzz  0x2000024c        0x5 ./Drv/outputs.o
                0x2000024c                sOutBuzz
 *fill*         0x20000251        0x3 
 .bss.sPosRun   0x20000254       0x28 ./Drv/position.o
                0x20000254                sPosRun
 .bss.sPosSts   0x2000027c        0x4 ./Drv/position.o
                0x2000027c                sPosSts
 .bss.sPosConf  0x20000280        0x4 ./Drv/position.o
                0x20000280                sPosConf
 .bss.sPosMtTask
                0x20000284        0x8 ./Drv/position.o
                0x20000284                sPosMtTask
 .bss.sSensor   0x2000028c        0x4 ./Drv/sensor.o
                0x2000028c                sSensor
 .bss.sMtEncoder
                0x20000290       0x10 ./Drv/stepmotor.o
                0x20000290                sMtEncoder
 .bss.sMtCtrl   0x200002a0       0x30 ./Drv/stepmotor.o
                0x200002a0                sMtCtrl
 .bss.sMtSys    0x200002d0       0x70 ./Drv/stepmotor.o
                0x200002d0                sMtSys
 .bss.sMtask    0x20000340        0x8 ./Drv/stepmotor.o
                0x20000340                sMtask
 .bss.sTask     0x20000348      0x440 ./Drv/task_manager.o
                0x20000348                sTask
 .bss.htim17    0x20000788       0x48 ./Src/tim.o
                0x20000788                htim17
 .bss.htim16    0x200007d0       0x48 ./Src/tim.o
                0x200007d0                htim16
 .bss.htim15    0x20000818       0x48 ./Src/tim.o
                0x20000818                htim15
 .bss.htim14    0x20000860       0x48 ./Src/tim.o
                0x20000860                htim14
 .bss.htim6     0x200008a8       0x48 ./Src/tim.o
                0x200008a8                htim6
 .bss.htim3     0x200008f0       0x48 ./Src/tim.o
                0x200008f0                htim3
 .bss.htim1     0x20000938       0x48 ./Src/tim.o
                0x20000938                htim1
 .bss.Timing    0x20000980       0x34 ./Src/timing.o
                0x20000980                Timing
 .bss.halRet    0x200009b4        0x1 ./Src/usart.o
                0x200009b4                halRet
 *fill*         0x200009b5        0x3 
 .bss.callBackRx
                0x200009b8        0x4 ./Src/usart.o
                0x200009b8                callBackRx
 .bss.txBuffer  0x200009bc        0xc ./Src/usart.o
                0x200009bc                txBuffer
 .bss.rxBuffer  0x200009c8        0xc ./Src/usart.o
                0x200009c8                rxBuffer
 .bss.hdma_usart2_tx
                0x200009d4       0x44 ./Src/usart.o
                0x200009d4                hdma_usart2_tx
 .bss.hdma_usart2_rx
                0x20000a18       0x44 ./Src/usart.o
                0x20000a18                hdma_usart2_rx
 .bss.huart2    0x20000a5c       0x84 ./Src/usart.o
                0x20000a5c                huart2
 *(COMMON)
                0x20000ae0                        . = ALIGN (0x4)
                0x20000ae0                        _ebss = .
                0x20000ae0                        __bss_end__ = _ebss

._user_heap_stack
                0x20000ae0      0x600 load address 0x0800aa20
                0x20000ae0                        . = ALIGN (0x8)
                [!provide]                        PROVIDE (end = .)
                0x20000ae0                        PROVIDE (_end = .)
                0x20000ce0                        . = (. + _Min_Heap_Size)
 *fill*         0x20000ae0      0x200 
                0x200010e0                        . = (. + _Min_Stack_Size)
 *fill*         0x20000ce0      0x400 
                0x200010e0                        . = ALIGN (0x8)

/DISCARD/
 libc.a(*)
 libm.a(*)
 libgcc.a(*)

.ARM.attributes
                0x00000000       0x28
 *(.ARM.attributes)
 .ARM.attributes
                0x00000000       0x1e C:/ST/STM32CubeIDE_1.15.0/STM32CubeIDE/plugins/com.st.stm32cube.ide.mcu.externaltools.gnu-tools-for-stm32.12.3.rel1.win32_1.0.100.202403111256/tools/bin/../lib/gcc/arm-none-eabi/12.3.1/thumb/v6-m/nofp/crti.o
 .ARM.attributes
                0x0000001e       0x2c C:/ST/STM32CubeIDE_1.15.0/STM32CubeIDE/plugins/com.st.stm32cube.ide.mcu.externaltools.gnu-tools-for-stm32.12.3.rel1.win32_1.0.100.202403111256/tools/bin/../lib/gcc/arm-none-eabi/12.3.1/thumb/v6-m/nofp/crtbegin.o
 .ARM.attributes
                0x0000004a       0x2c ./Drivers/STM32F0xx_HAL_Driver/Src/stm32f0xx_hal.o
 .ARM.attributes
                0x00000076       0x2c ./Drivers/STM32F0xx_HAL_Driver/Src/stm32f0xx_hal_cortex.o
 .ARM.attributes
                0x000000a2       0x2c ./Drivers/STM32F0xx_HAL_Driver/Src/stm32f0xx_hal_dma.o
 .ARM.attributes
                0x000000ce       0x2c ./Drivers/STM32F0xx_HAL_Driver/Src/stm32f0xx_hal_gpio.o
 .ARM.attributes
                0x000000fa       0x2c ./Drivers/STM32F0xx_HAL_Driver/Src/stm32f0xx_hal_rcc.o
 .ARM.attributes
                0x00000126       0x2c ./Drivers/STM32F0xx_HAL_Driver/Src/stm32f0xx_hal_tim.o
 .ARM.attributes
                0x00000152       0x2c ./Drivers/STM32F0xx_HAL_Driver/Src/stm32f0xx_hal_tim_ex.o
 .ARM.attributes
                0x0000017e       0x2c ./Drivers/STM32F0xx_HAL_Driver/Src/stm32f0xx_hal_uart.o
 .ARM.attributes
                0x000001aa       0x2c ./Drv/api_swing.o
 .ARM.attributes
                0x000001d6       0x2c ./Drv/encoder.o
 .ARM.attributes
                0x00000202       0x2c ./Drv/inputs.o
 .ARM.attributes
                0x0000022e       0x2c ./Drv/outputs.o
 .ARM.attributes
                0x0000025a       0x2c ./Drv/position.o
 .ARM.attributes
                0x00000286       0x2c ./Drv/protocolo_swing.o
 .ARM.attributes
                0x000002b2       0x2c ./Drv/sensor.o
 .ARM.attributes
                0x000002de       0x2c ./Drv/stepmotor.o
 .ARM.attributes
                0x0000030a       0x2c ./Drv/task_manager.o
 .ARM.attributes
                0x00000336       0x2c ./Src/dma.o
 .ARM.attributes
                0x00000362       0x2c ./Src/gpio.o
 .ARM.attributes
                0x0000038e       0x2c ./Src/main.o
 .ARM.attributes
                0x000003ba       0x2c ./Src/stm32f0xx_hal_msp.o
 .ARM.attributes
                0x000003e6       0x2c ./Src/stm32f0xx_it.o
 .ARM.attributes
                0x00000412       0x2c ./Src/system_stm32f0xx.o
 .ARM.attributes
                0x0000043e       0x2c ./Src/tim.o
 .ARM.attributes
                0x0000046a       0x2c ./Src/timing.o
 .ARM.attributes
                0x00000496       0x2c ./Src/usart.o
 .ARM.attributes
                0x000004c2       0x21 ./Startup/startup_stm32f030r8tx.o
 .ARM.attributes
                0x000004e3       0x2c C:/ST/STM32CubeIDE_1.15.0/STM32CubeIDE/plugins/com.st.stm32cube.ide.mcu.externaltools.gnu-tools-for-stm32.12.3.rel1.win32_1.0.100.202403111256/tools/bin/../lib/gcc/arm-none-eabi/12.3.1/../../../../arm-none-eabi/lib/thumb/v6-m/nofp\libc_nano.a(libc_a-memset.o)
 .ARM.attributes
                0x0000050f       0x2c C:/ST/STM32CubeIDE_1.15.0/STM32CubeIDE/plugins/com.st.stm32cube.ide.mcu.externaltools.gnu-tools-for-stm32.12.3.rel1.win32_1.0.100.202403111256/tools/bin/../lib/gcc/arm-none-eabi/12.3.1/../../../../arm-none-eabi/lib/thumb/v6-m/nofp\libc_nano.a(libc_a-init.o)
 .ARM.attributes
                0x0000053b       0x2c C:/ST/STM32CubeIDE_1.15.0/STM32CubeIDE/plugins/com.st.stm32cube.ide.mcu.externaltools.gnu-tools-for-stm32.12.3.rel1.win32_1.0.100.202403111256/tools/bin/../lib/gcc/arm-none-eabi/12.3.1/../../../../arm-none-eabi/lib/thumb/v6-m/nofp\libc_nano.a(libc_a-memcpy-stub.o)
 .ARM.attributes
                0x00000567       0x1e C:/ST/STM32CubeIDE_1.15.0/STM32CubeIDE/plugins/com.st.stm32cube.ide.mcu.externaltools.gnu-tools-for-stm32.12.3.rel1.win32_1.0.100.202403111256/tools/bin/../lib/gcc/arm-none-eabi/12.3.1/thumb/v6-m/nofp\libgcc.a(_udivsi3.o)
 .ARM.attributes
                0x00000585       0x1e C:/ST/STM32CubeIDE_1.15.0/STM32CubeIDE/plugins/com.st.stm32cube.ide.mcu.externaltools.gnu-tools-for-stm32.12.3.rel1.win32_1.0.100.202403111256/tools/bin/../lib/gcc/arm-none-eabi/12.3.1/thumb/v6-m/nofp\libgcc.a(_divsi3.o)
 .ARM.attributes
                0x000005a3       0x1e C:/ST/STM32CubeIDE_1.15.0/STM32CubeIDE/plugins/com.st.stm32cube.ide.mcu.externaltools.gnu-tools-for-stm32.12.3.rel1.win32_1.0.100.202403111256/tools/bin/../lib/gcc/arm-none-eabi/12.3.1/thumb/v6-m/nofp\libgcc.a(_dvmd_tls.o)
 .ARM.attributes
                0x000005c1       0x1e C:/ST/STM32CubeIDE_1.15.0/STM32CubeIDE/plugins/com.st.stm32cube.ide.mcu.externaltools.gnu-tools-for-stm32.12.3.rel1.win32_1.0.100.202403111256/tools/bin/../lib/gcc/arm-none-eabi/12.3.1/thumb/v6-m/nofp\libgcc.a(_arm_cmpsf2.o)
 .ARM.attributes
                0x000005df       0x2c C:/ST/STM32CubeIDE_1.15.0/STM32CubeIDE/plugins/com.st.stm32cube.ide.mcu.externaltools.gnu-tools-for-stm32.12.3.rel1.win32_1.0.100.202403111256/tools/bin/../lib/gcc/arm-none-eabi/12.3.1/thumb/v6-m/nofp\libgcc.a(_fixunssfsi.o)
 .ARM.attributes
                0x0000060b       0x2c C:/ST/STM32CubeIDE_1.15.0/STM32CubeIDE/plugins/com.st.stm32cube.ide.mcu.externaltools.gnu-tools-for-stm32.12.3.rel1.win32_1.0.100.202403111256/tools/bin/../lib/gcc/arm-none-eabi/12.3.1/thumb/v6-m/nofp\libgcc.a(_fixunsdfsi.o)
 .ARM.attributes
                0x00000637       0x2c C:/ST/STM32CubeIDE_1.15.0/STM32CubeIDE/plugins/com.st.stm32cube.ide.mcu.externaltools.gnu-tools-for-stm32.12.3.rel1.win32_1.0.100.202403111256/tools/bin/../lib/gcc/arm-none-eabi/12.3.1/thumb/v6-m/nofp\libgcc.a(addsf3.o)
 .ARM.attributes
                0x00000663       0x2c C:/ST/STM32CubeIDE_1.15.0/STM32CubeIDE/plugins/com.st.stm32cube.ide.mcu.externaltools.gnu-tools-for-stm32.12.3.rel1.win32_1.0.100.202403111256/tools/bin/../lib/gcc/arm-none-eabi/12.3.1/thumb/v6-m/nofp\libgcc.a(divsf3.o)
 .ARM.attributes
                0x0000068f       0x2c C:/ST/STM32CubeIDE_1.15.0/STM32CubeIDE/plugins/com.st.stm32cube.ide.mcu.externaltools.gnu-tools-for-stm32.12.3.rel1.win32_1.0.100.202403111256/tools/bin/../lib/gcc/arm-none-eabi/12.3.1/thumb/v6-m/nofp\libgcc.a(eqsf2.o)
 .ARM.attributes
                0x000006bb       0x2c C:/ST/STM32CubeIDE_1.15.0/STM32CubeIDE/plugins/com.st.stm32cube.ide.mcu.externaltools.gnu-tools-for-stm32.12.3.rel1.win32_1.0.100.202403111256/tools/bin/../lib/gcc/arm-none-eabi/12.3.1/thumb/v6-m/nofp\libgcc.a(gesf2.o)
 .ARM.attributes
                0x000006e7       0x2c C:/ST/STM32CubeIDE_1.15.0/STM32CubeIDE/plugins/com.st.stm32cube.ide.mcu.externaltools.gnu-tools-for-stm32.12.3.rel1.win32_1.0.100.202403111256/tools/bin/../lib/gcc/arm-none-eabi/12.3.1/thumb/v6-m/nofp\libgcc.a(lesf2.o)
 .ARM.attributes
                0x00000713       0x2c C:/ST/STM32CubeIDE_1.15.0/STM32CubeIDE/plugins/com.st.stm32cube.ide.mcu.externaltools.gnu-tools-for-stm32.12.3.rel1.win32_1.0.100.202403111256/tools/bin/../lib/gcc/arm-none-eabi/12.3.1/thumb/v6-m/nofp\libgcc.a(mulsf3.o)
 .ARM.attributes
                0x0000073f       0x2c C:/ST/STM32CubeIDE_1.15.0/STM32CubeIDE/plugins/com.st.stm32cube.ide.mcu.externaltools.gnu-tools-for-stm32.12.3.rel1.win32_1.0.100.202403111256/tools/bin/../lib/gcc/arm-none-eabi/12.3.1/thumb/v6-m/nofp\libgcc.a(subsf3.o)
 .ARM.attributes
                0x0000076b       0x2c C:/ST/STM32CubeIDE_1.15.0/STM32CubeIDE/plugins/com.st.stm32cube.ide.mcu.externaltools.gnu-tools-for-stm32.12.3.rel1.win32_1.0.100.202403111256/tools/bin/../lib/gcc/arm-none-eabi/12.3.1/thumb/v6-m/nofp\libgcc.a(fixsfsi.o)
 .ARM.attributes
                0x00000797       0x2c C:/ST/STM32CubeIDE_1.15.0/STM32CubeIDE/plugins/com.st.stm32cube.ide.mcu.externaltools.gnu-tools-for-stm32.12.3.rel1.win32_1.0.100.202403111256/tools/bin/../lib/gcc/arm-none-eabi/12.3.1/thumb/v6-m/nofp\libgcc.a(floatsisf.o)
 .ARM.attributes
                0x000007c3       0x2c C:/ST/STM32CubeIDE_1.15.0/STM32CubeIDE/plugins/com.st.stm32cube.ide.mcu.externaltools.gnu-tools-for-stm32.12.3.rel1.win32_1.0.100.202403111256/tools/bin/../lib/gcc/arm-none-eabi/12.3.1/thumb/v6-m/nofp\libgcc.a(muldf3.o)
 .ARM.attributes
                0x000007ef       0x2c C:/ST/STM32CubeIDE_1.15.0/STM32CubeIDE/plugins/com.st.stm32cube.ide.mcu.externaltools.gnu-tools-for-stm32.12.3.rel1.win32_1.0.100.202403111256/tools/bin/../lib/gcc/arm-none-eabi/12.3.1/thumb/v6-m/nofp\libgcc.a(subdf3.o)
 .ARM.attributes
                0x0000081b       0x2c C:/ST/STM32CubeIDE_1.15.0/STM32CubeIDE/plugins/com.st.stm32cube.ide.mcu.externaltools.gnu-tools-for-stm32.12.3.rel1.win32_1.0.100.202403111256/tools/bin/../lib/gcc/arm-none-eabi/12.3.1/thumb/v6-m/nofp\libgcc.a(fixdfsi.o)
 .ARM.attributes
                0x00000847       0x2c C:/ST/STM32CubeIDE_1.15.0/STM32CubeIDE/plugins/com.st.stm32cube.ide.mcu.externaltools.gnu-tools-for-stm32.12.3.rel1.win32_1.0.100.202403111256/tools/bin/../lib/gcc/arm-none-eabi/12.3.1/thumb/v6-m/nofp\libgcc.a(extendsfdf2.o)
 .ARM.attributes
                0x00000873       0x1e C:/ST/STM32CubeIDE_1.15.0/STM32CubeIDE/plugins/com.st.stm32cube.ide.mcu.externaltools.gnu-tools-for-stm32.12.3.rel1.win32_1.0.100.202403111256/tools/bin/../lib/gcc/arm-none-eabi/12.3.1/thumb/v6-m/nofp\libgcc.a(_arm_cmpdf2.o)
 .ARM.attributes
                0x00000891       0x1e C:/ST/STM32CubeIDE_1.15.0/STM32CubeIDE/plugins/com.st.stm32cube.ide.mcu.externaltools.gnu-tools-for-stm32.12.3.rel1.win32_1.0.100.202403111256/tools/bin/../lib/gcc/arm-none-eabi/12.3.1/thumb/v6-m/nofp\libgcc.a(_clzsi2.o)
 .ARM.attributes
                0x000008af       0x2c C:/ST/STM32CubeIDE_1.15.0/STM32CubeIDE/plugins/com.st.stm32cube.ide.mcu.externaltools.gnu-tools-for-stm32.12.3.rel1.win32_1.0.100.202403111256/tools/bin/../lib/gcc/arm-none-eabi/12.3.1/thumb/v6-m/nofp\libgcc.a(eqdf2.o)
 .ARM.attributes
                0x000008db       0x2c C:/ST/STM32CubeIDE_1.15.0/STM32CubeIDE/plugins/com.st.stm32cube.ide.mcu.externaltools.gnu-tools-for-stm32.12.3.rel1.win32_1.0.100.202403111256/tools/bin/../lib/gcc/arm-none-eabi/12.3.1/thumb/v6-m/nofp\libgcc.a(gedf2.o)
 .ARM.attributes
                0x00000907       0x2c C:/ST/STM32CubeIDE_1.15.0/STM32CubeIDE/plugins/com.st.stm32cube.ide.mcu.externaltools.gnu-tools-for-stm32.12.3.rel1.win32_1.0.100.202403111256/tools/bin/../lib/gcc/arm-none-eabi/12.3.1/thumb/v6-m/nofp\libgcc.a(ledf2.o)
 .ARM.attributes
                0x00000933       0x1e C:/ST/STM32CubeIDE_1.15.0/STM32CubeIDE/plugins/com.st.stm32cube.ide.mcu.externaltools.gnu-tools-for-stm32.12.3.rel1.win32_1.0.100.202403111256/tools/bin/../lib/gcc/arm-none-eabi/12.3.1/thumb/v6-m/nofp/crtn.o
OUTPUT(CtrSwingMp_TSI_SelfCheckOut.elf elf32-littlearm)
LOAD linker stubs
LOAD C:/ST/STM32CubeIDE_1.15.0/STM32CubeIDE/plugins/com.st.stm32cube.ide.mcu.externaltools.gnu-tools-for-stm32.12.3.rel1.win32_1.0.100.202403111256/tools/bin/../lib/gcc/arm-none-eabi/12.3.1/../../../../arm-none-eabi/lib/thumb/v6-m/nofp\libc.a
LOAD C:/ST/STM32CubeIDE_1.15.0/STM32CubeIDE/plugins/com.st.stm32cube.ide.mcu.externaltools.gnu-tools-for-stm32.12.3.rel1.win32_1.0.100.202403111256/tools/bin/../lib/gcc/arm-none-eabi/12.3.1/../../../../arm-none-eabi/lib/thumb/v6-m/nofp\libm.a
LOAD C:/ST/STM32CubeIDE_1.15.0/STM32CubeIDE/plugins/com.st.stm32cube.ide.mcu.externaltools.gnu-tools-for-stm32.12.3.rel1.win32_1.0.100.202403111256/tools/bin/../lib/gcc/arm-none-eabi/12.3.1/thumb/v6-m/nofp\libgcc.a

.debug_info     0x00000000    0x1d7c1
 .debug_info    0x00000000      0x717 ./Drivers/STM32F0xx_HAL_Driver/Src/stm32f0xx_hal.o
 .debug_info    0x00000717      0x7b8 ./Drivers/STM32F0xx_HAL_Driver/Src/stm32f0xx_hal_cortex.o
 .debug_info    0x00000ecf      0x846 ./Drivers/STM32F0xx_HAL_Driver/Src/stm32f0xx_hal_dma.o
 .debug_info    0x00001715      0x5fd ./Drivers/STM32F0xx_HAL_Driver/Src/stm32f0xx_hal_gpio.o
 .debug_info    0x00001d12      0xa39 ./Drivers/STM32F0xx_HAL_Driver/Src/stm32f0xx_hal_rcc.o
 .debug_info    0x0000274b     0x3aed ./Drivers/STM32F0xx_HAL_Driver/Src/stm32f0xx_hal_tim.o
 .debug_info    0x00006238     0x19d8 ./Drivers/STM32F0xx_HAL_Driver/Src/stm32f0xx_hal_tim_ex.o
 .debug_info    0x00007c10     0x4c87 ./Drivers/STM32F0xx_HAL_Driver/Src/stm32f0xx_hal_uart.o
 .debug_info    0x0000c897     0x3a48 ./Drv/api_swing.o
 .debug_info    0x000102df     0x2679 ./Drv/encoder.o
 .debug_info    0x00012958      0xa7b ./Drv/inputs.o
 .debug_info    0x000133d3     0x1513 ./Drv/outputs.o
 .debug_info    0x000148e6     0x1659 ./Drv/position.o
 .debug_info    0x00015f3f      0x256 ./Drv/protocolo_swing.o
 .debug_info    0x00016195      0x7fb ./Drv/sensor.o
 .debug_info    0x00016990      0xbec ./Drv/stepmotor.o
 .debug_info    0x0001757c      0x47f ./Drv/task_manager.o
 .debug_info    0x000179fb      0x2a9 ./Src/dma.o
 .debug_info    0x00017ca4     0x15f1 ./Src/gpio.o
 .debug_info    0x00019295      0x489 ./Src/main.o
 .debug_info    0x0001971e      0xb5d ./Src/stm32f0xx_hal_msp.o
 .debug_info    0x0001a27b      0xbfd ./Src/stm32f0xx_it.o
 .debug_info    0x0001ae78      0x268 ./Src/system_stm32f0xx.o
 .debug_info    0x0001b0e0     0x16be ./Src/tim.o
 .debug_info    0x0001c79e      0x261 ./Src/timing.o
 .debug_info    0x0001c9ff      0xdc2 ./Src/usart.o

.debug_abbrev   0x00000000     0x387a
 .debug_abbrev  0x00000000      0x26b ./Drivers/STM32F0xx_HAL_Driver/Src/stm32f0xx_hal.o
 .debug_abbrev  0x0000026b      0x2ee ./Drivers/STM32F0xx_HAL_Driver/Src/stm32f0xx_hal_cortex.o
 .debug_abbrev  0x00000559      0x1f8 ./Drivers/STM32F0xx_HAL_Driver/Src/stm32f0xx_hal_dma.o
 .debug_abbrev  0x00000751      0x1f8 ./Drivers/STM32F0xx_HAL_Driver/Src/stm32f0xx_hal_gpio.o
 .debug_abbrev  0x00000949      0x29e ./Drivers/STM32F0xx_HAL_Driver/Src/stm32f0xx_hal_rcc.o
 .debug_abbrev  0x00000be7      0x280 ./Drivers/STM32F0xx_HAL_Driver/Src/stm32f0xx_hal_tim.o
 .debug_abbrev  0x00000e67      0x27e ./Drivers/STM32F0xx_HAL_Driver/Src/stm32f0xx_hal_tim_ex.o
 .debug_abbrev  0x000010e5      0x30a ./Drivers/STM32F0xx_HAL_Driver/Src/stm32f0xx_hal_uart.o
 .debug_abbrev  0x000013ef      0x338 ./Drv/api_swing.o
 .debug_abbrev  0x00001727      0x36f ./Drv/encoder.o
 .debug_abbrev  0x00001a96      0x246 ./Drv/inputs.o
 .debug_abbrev  0x00001cdc      0x238 ./Drv/outputs.o
 .debug_abbrev  0x00001f14      0x26c ./Drv/position.o
 .debug_abbrev  0x00002180      0x106 ./Drv/protocolo_swing.o
 .debug_abbrev  0x00002286      0x1d5 ./Drv/sensor.o
 .debug_abbrev  0x0000245b      0x24b ./Drv/stepmotor.o
 .debug_abbrev  0x000026a6      0x14a ./Drv/task_manager.o
 .debug_abbrev  0x000027f0      0x11b ./Src/dma.o
 .debug_abbrev  0x0000290b      0x222 ./Src/gpio.o
 .debug_abbrev  0x00002b2d      0x1cf ./Src/main.o
 .debug_abbrev  0x00002cfc      0x209 ./Src/stm32f0xx_hal_msp.o
 .debug_abbrev  0x00002f05      0x22a ./Src/stm32f0xx_it.o
 .debug_abbrev  0x0000312f      0x138 ./Src/system_stm32f0xx.o
 .debug_abbrev  0x00003267      0x268 ./Src/tim.o
 .debug_abbrev  0x000034cf      0x10a ./Src/timing.o
 .debug_abbrev  0x000035d9      0x2a1 ./Src/usart.o

.debug_loclists
                0x00000000     0x9fe9
 .debug_loclists
                0x00000000       0xc9 ./Drivers/STM32F0xx_HAL_Driver/Src/stm32f0xx_hal.o
 .debug_loclists
                0x000000c9      0x1ae ./Drivers/STM32F0xx_HAL_Driver/Src/stm32f0xx_hal_cortex.o
 .debug_loclists
                0x00000277      0x570 ./Drivers/STM32F0xx_HAL_Driver/Src/stm32f0xx_hal_dma.o
 .debug_loclists
                0x000007e7      0x25d ./Drivers/STM32F0xx_HAL_Driver/Src/stm32f0xx_hal_gpio.o
 .debug_loclists
                0x00000a44      0x3ec ./Drivers/STM32F0xx_HAL_Driver/Src/stm32f0xx_hal_rcc.o
 .debug_loclists
                0x00000e30     0x36d4 ./Drivers/STM32F0xx_HAL_Driver/Src/stm32f0xx_hal_tim.o
 .debug_loclists
                0x00004504     0x155b ./Drivers/STM32F0xx_HAL_Driver/Src/stm32f0xx_hal_tim_ex.o
 .debug_loclists
                0x00005a5f     0x215b ./Drivers/STM32F0xx_HAL_Driver/Src/stm32f0xx_hal_uart.o
 .debug_loclists
                0x00007bba      0x37c ./Drv/api_swing.o
 .debug_loclists
                0x00007f36      0x5dd ./Drv/encoder.o
 .debug_loclists
                0x00008513      0x2b7 ./Drv/inputs.o
 .debug_loclists
                0x000087ca      0x8a5 ./Drv/outputs.o
 .debug_loclists
                0x0000906f      0x285 ./Drv/position.o
 .debug_loclists
                0x000092f4      0x22c ./Drv/protocolo_swing.o
 .debug_loclists
                0x00009520       0x97 ./Drv/sensor.o
 .debug_loclists
                0x000095b7      0x2dd ./Drv/stepmotor.o
 .debug_loclists
                0x00009894       0xea ./Drv/task_manager.o
 .debug_loclists
                0x0000997e      0x16e ./Src/gpio.o
 .debug_loclists
                0x00009aec       0x28 ./Src/main.o
 .debug_loclists
                0x00009b14       0xc3 ./Src/stm32f0xx_hal_msp.o
 .debug_loclists
                0x00009bd7       0xdc ./Src/system_stm32f0xx.o
 .debug_loclists
                0x00009cb3      0x1b1 ./Src/tim.o
 .debug_loclists
                0x00009e64       0x6d ./Src/timing.o
 .debug_loclists
                0x00009ed1      0x118 ./Src/usart.o

.debug_aranges  0x00000000     0x12c8
 .debug_aranges
                0x00000000       0xd0 ./Drivers/STM32F0xx_HAL_Driver/Src/stm32f0xx_hal.o
 .debug_aranges
                0x000000d0       0x98 ./Drivers/STM32F0xx_HAL_Driver/Src/stm32f0xx_hal_cortex.o
 .debug_aranges
                0x00000168       0x88 ./Drivers/STM32F0xx_HAL_Driver/Src/stm32f0xx_hal_dma.o
 .debug_aranges
                0x000001f0       0x58 ./Drivers/STM32F0xx_HAL_Driver/Src/stm32f0xx_hal_gpio.o
 .debug_aranges
                0x00000248       0x80 ./Drivers/STM32F0xx_HAL_Driver/Src/stm32f0xx_hal_rcc.o
 .debug_aranges
                0x000002c8      0x3d0 ./Drivers/STM32F0xx_HAL_Driver/Src/stm32f0xx_hal_tim.o
 .debug_aranges
                0x00000698      0x168 ./Drivers/STM32F0xx_HAL_Driver/Src/stm32f0xx_hal_tim_ex.o
 .debug_aranges
                0x00000800      0x218 ./Drivers/STM32F0xx_HAL_Driver/Src/stm32f0xx_hal_uart.o
 .debug_aranges
                0x00000a18       0xa8 ./Drv/api_swing.o
 .debug_aranges
                0x00000ac0      0x138 ./Drv/encoder.o
 .debug_aranges
                0x00000bf8       0x88 ./Drv/inputs.o
 .debug_aranges
                0x00000c80       0xe8 ./Drv/outputs.o
 .debug_aranges
                0x00000d68       0xb0 ./Drv/position.o
 .debug_aranges
                0x00000e18       0x30 ./Drv/protocolo_swing.o
 .debug_aranges
                0x00000e48       0x60 ./Drv/sensor.o
 .debug_aranges
                0x00000ea8       0x98 ./Drv/stepmotor.o
 .debug_aranges
                0x00000f40       0x88 ./Drv/task_manager.o
 .debug_aranges
                0x00000fc8       0x20 ./Src/dma.o
 .debug_aranges
                0x00000fe8       0x98 ./Src/gpio.o
 .debug_aranges
                0x00001080       0x38 ./Src/main.o
 .debug_aranges
                0x000010b8       0x48 ./Src/stm32f0xx_hal_msp.o
 .debug_aranges
                0x00001100       0x80 ./Src/stm32f0xx_it.o
 .debug_aranges
                0x00001180       0x28 ./Src/system_stm32f0xx.o
 .debug_aranges
                0x000011a8       0x90 ./Src/tim.o
 .debug_aranges
                0x00001238       0x38 ./Src/timing.o
 .debug_aranges
                0x00001270       0x58 ./Src/usart.o

.debug_rnglists
                0x00000000      0xe68
 .debug_rnglists
                0x00000000       0x97 ./Drivers/STM32F0xx_HAL_Driver/Src/stm32f0xx_hal.o
 .debug_rnglists
                0x00000097       0x79 ./Drivers/STM32F0xx_HAL_Driver/Src/stm32f0xx_hal_cortex.o
 .debug_rnglists
                0x00000110       0x63 ./Drivers/STM32F0xx_HAL_Driver/Src/stm32f0xx_hal_dma.o
 .debug_rnglists
                0x00000173       0x3f ./Drivers/STM32F0xx_HAL_Driver/Src/stm32f0xx_hal_gpio.o
 .debug_rnglists
                0x000001b2       0x6e ./Drivers/STM32F0xx_HAL_Driver/Src/stm32f0xx_hal_rcc.o
 .debug_rnglists
                0x00000220      0x305 ./Drivers/STM32F0xx_HAL_Driver/Src/stm32f0xx_hal_tim.o
 .debug_rnglists
                0x00000525      0x11a ./Drivers/STM32F0xx_HAL_Driver/Src/stm32f0xx_hal_tim_ex.o
 .debug_rnglists
                0x0000063f      0x1a3 ./Drivers/STM32F0xx_HAL_Driver/Src/stm32f0xx_hal_uart.o
 .debug_rnglists
                0x000007e2       0x8f ./Drv/api_swing.o
 .debug_rnglists
                0x00000871       0xff ./Drv/encoder.o
 .debug_rnglists
                0x00000970       0x65 ./Drv/inputs.o
 .debug_rnglists
                0x000009d5       0xaf ./Drv/outputs.o
 .debug_rnglists
                0x00000a84       0x86 ./Drv/position.o
 .debug_rnglists
                0x00000b0a       0x1f ./Drv/protocolo_swing.o
 .debug_rnglists
                0x00000b29       0x45 ./Drv/sensor.o
 .debug_rnglists
                0x00000b6e       0x70 ./Drv/stepmotor.o
 .debug_rnglists
                0x00000bde       0x61 ./Drv/task_manager.o
 .debug_rnglists
                0x00000c3f       0x13 ./Src/dma.o
 .debug_rnglists
                0x00000c52       0x77 ./Src/gpio.o
 .debug_rnglists
                0x00000cc9       0x25 ./Src/main.o
 .debug_rnglists
                0x00000cee       0x34 ./Src/stm32f0xx_hal_msp.o
 .debug_rnglists
                0x00000d22       0x5b ./Src/stm32f0xx_it.o
 .debug_rnglists
                0x00000d7d       0x1a ./Src/system_stm32f0xx.o
 .debug_rnglists
                0x00000d97       0x6e ./Src/tim.o
 .debug_rnglists
                0x00000e05       0x25 ./Src/timing.o
 .debug_rnglists
                0x00000e2a       0x3e ./Src/usart.o

.debug_macro    0x00000000    0x13951
 .debug_macro   0x00000000      0x1f0 ./Drivers/STM32F0xx_HAL_Driver/Src/stm32f0xx_hal.o
 .debug_macro   0x000001f0      0xa8a ./Drivers/STM32F0xx_HAL_Driver/Src/stm32f0xx_hal.o
 .debug_macro   0x00000c7a      0x139 ./Drivers/STM32F0xx_HAL_Driver/Src/stm32f0xx_hal.o
 .debug_macro   0x00000db3       0x2e ./Drivers/STM32F0xx_HAL_Driver/Src/stm32f0xx_hal.o
 .debug_macro   0x00000de1       0x22 ./Drivers/STM32F0xx_HAL_Driver/Src/stm32f0xx_hal.o
 .debug_macro   0x00000e03       0x22 ./Drivers/STM32F0xx_HAL_Driver/Src/stm32f0xx_hal.o
 .debug_macro   0x00000e25       0x8e ./Drivers/STM32F0xx_HAL_Driver/Src/stm32f0xx_hal.o
 .debug_macro   0x00000eb3       0x51 ./Drivers/STM32F0xx_HAL_Driver/Src/stm32f0xx_hal.o
 .debug_macro   0x00000f04      0x103 ./Drivers/STM32F0xx_HAL_Driver/Src/stm32f0xx_hal.o
 .debug_macro   0x00001007       0x6a ./Drivers/STM32F0xx_HAL_Driver/Src/stm32f0xx_hal.o
 .debug_macro   0x00001071      0x1df ./Drivers/STM32F0xx_HAL_Driver/Src/stm32f0xx_hal.o
 .debug_macro   0x00001250       0x1c ./Drivers/STM32F0xx_HAL_Driver/Src/stm32f0xx_hal.o
 .debug_macro   0x0000126c       0x22 ./Drivers/STM32F0xx_HAL_Driver/Src/stm32f0xx_hal.o
 .debug_macro   0x0000128e       0xaf ./Drivers/STM32F0xx_HAL_Driver/Src/stm32f0xx_hal.o
 .debug_macro   0x0000133d      0x391 ./Drivers/STM32F0xx_HAL_Driver/Src/stm32f0xx_hal.o
 .debug_macro   0x000016ce     0x6f40 ./Drivers/STM32F0xx_HAL_Driver/Src/stm32f0xx_hal.o
 .debug_macro   0x0000860e       0x66 ./Drivers/STM32F0xx_HAL_Driver/Src/stm32f0xx_hal.o
 .debug_macro   0x00008674     0x34a6 ./Drivers/STM32F0xx_HAL_Driver/Src/stm32f0xx_hal.o
 .debug_macro   0x0000bb1a      0x189 ./Drivers/STM32F0xx_HAL_Driver/Src/stm32f0xx_hal.o
 .debug_macro   0x0000bca3       0x55 ./Drivers/STM32F0xx_HAL_Driver/Src/stm32f0xx_hal.o
 .debug_macro   0x0000bcf8      0x924 ./Drivers/STM32F0xx_HAL_Driver/Src/stm32f0xx_hal.o
 .debug_macro   0x0000c61c      0x17f ./Drivers/STM32F0xx_HAL_Driver/Src/stm32f0xx_hal.o
 .debug_macro   0x0000c79b      0x1af ./Drivers/STM32F0xx_HAL_Driver/Src/stm32f0xx_hal.o
 .debug_macro   0x0000c94a       0xd9 ./Drivers/STM32F0xx_HAL_Driver/Src/stm32f0xx_hal.o
 .debug_macro   0x0000ca23      0x1a0 ./Drivers/STM32F0xx_HAL_Driver/Src/stm32f0xx_hal.o
 .debug_macro   0x0000cbc3      0x1ed ./Drivers/STM32F0xx_HAL_Driver/Src/stm32f0xx_hal.o
 .debug_macro   0x0000cdb0       0x34 ./Drivers/STM32F0xx_HAL_Driver/Src/stm32f0xx_hal.o
 .debug_macro   0x0000cde4       0x43 ./Drivers/STM32F0xx_HAL_Driver/Src/stm32f0xx_hal.o
 .debug_macro   0x0000ce27       0x28 ./Drivers/STM32F0xx_HAL_Driver/Src/stm32f0xx_hal.o
 .debug_macro   0x0000ce4f       0xb0 ./Drivers/STM32F0xx_HAL_Driver/Src/stm32f0xx_hal.o
 .debug_macro   0x0000ceff      0x199 ./Drivers/STM32F0xx_HAL_Driver/Src/stm32f0xx_hal.o
 .debug_macro   0x0000d098      0x22c ./Drivers/STM32F0xx_HAL_Driver/Src/stm32f0xx_hal.o
 .debug_macro   0x0000d2c4       0x61 ./Drivers/STM32F0xx_HAL_Driver/Src/stm32f0xx_hal.o