13:55:33 **** Incremental Build of configuration Debug for project CtrSwingMp_TSI_SelfCheckOut ****
make -j8 all 
arm-none-eabi-gcc -o "CtrSwingMp_TSI_SelfCheckOut.elf" @"objects.list"   -mcpu=cortex-m0 -T"C:\WorkSpaceGitHub\Placa-Integradora-Swing-SELFCHECKOUT\CtrSwingMp_TSI_SelfCheckOut\STM32F030R8TX_FLASH.ld" --specs=nosys.specs -Wl,-Map="CtrSwingMp_TSI_SelfCheckOut.map" -Wl,--gc-sections -static --specs=nano.specs -mfloat-abi=soft -mthumb -Wl,--start-group -lc -lm -Wl,--end-group
C:/ST/STM32CubeIDE_1.15.0/STM32CubeIDE/plugins/com.st.stm32cube.ide.mcu.externaltools.gnu-tools-for-stm32.12.3.rel1.win32_1.0.100.202403111256/tools/bin/../lib/gcc/arm-none-eabi/12.3.1/../../../../arm-none-eabi/bin/ld.exe: warning: CtrSwingMp_TSI_SelfCheckOut.elf has a LOAD segment with RWX permissions
Finished building target: CtrSwingMp_TSI_SelfCheckOut.elf
 
arm-none-eabi-size  CtrSwingMp_TSI_SelfCheckOut.elf 
arm-none-eabi-objdump -h -S CtrSwingMp_TSI_SelfCheckOut.elf  > "CtrSwingMp_TSI_SelfCheckOut.list"
   text	   data	    bss	    dec	    hex	filename
  43528	     24	   4304	  47856	   baf0	CtrSwingMp_TSI_SelfCheckOut.elf
arm-none-eabi-objcopy  -O ihex CtrSwingMp_TSI_SelfCheckOut.elf  "CtrSwingMp_TSI_SelfCheckOut.hex"
Finished building: default.size.stdout
arm-none-eabi-objcopy  -O binary CtrSwingMp_TSI_SelfCheckOut.elf  "CtrSwingMp_TSI_SelfCheckOut.bin"
 
Finished building: CtrSwingMp_TSI_SelfCheckOut.hex
 
Finished building: CtrSwingMp_TSI_SelfCheckOut.bin
Finished building: CtrSwingMp_TSI_SelfCheckOut.list
 
 

13:55:34 Build Finished. 0 errors, 1 warnings. (took 694ms)

